Archive member included to satisfy reference by file (symbol)

c:/st/stm32cubeide_1.3.0/stm32cubeide/plugins/com.st.stm32cube.ide.mcu.externaltools.gnu-tools-for-stm32.7-2018-q2-update.win32_1.0.0.201904181610/tools/bin/../lib/gcc/arm-none-eabi/7.3.1/../../../../arm-none-eabi/lib/thumb/v7-m\libc_nano.a(lib_a-errno.o)
                              Core/Src/syscalls.o (__errno)
c:/st/stm32cubeide_1.3.0/stm32cubeide/plugins/com.st.stm32cube.ide.mcu.externaltools.gnu-tools-for-stm32.7-2018-q2-update.win32_1.0.0.201904181610/tools/bin/../lib/gcc/arm-none-eabi/7.3.1/../../../../arm-none-eabi/lib/thumb/v7-m\libc_nano.a(lib_a-exit.o)
                              c:/st/stm32cubeide_1.3.0/stm32cubeide/plugins/com.st.stm32cube.ide.mcu.externaltools.gnu-tools-for-stm32.7-2018-q2-update.win32_1.0.0.201904181610/tools/bin/../lib/gcc/arm-none-eabi/7.3.1/../../../../arm-none-eabi/lib/thumb/v7-m/crt0.o (exit)
c:/st/stm32cubeide_1.3.0/stm32cubeide/plugins/com.st.stm32cube.ide.mcu.externaltools.gnu-tools-for-stm32.7-2018-q2-update.win32_1.0.0.201904181610/tools/bin/../lib/gcc/arm-none-eabi/7.3.1/../../../../arm-none-eabi/lib/thumb/v7-m\libc_nano.a(lib_a-impure.o)
                              c:/st/stm32cubeide_1.3.0/stm32cubeide/plugins/com.st.stm32cube.ide.mcu.externaltools.gnu-tools-for-stm32.7-2018-q2-update.win32_1.0.0.201904181610/tools/bin/../lib/gcc/arm-none-eabi/7.3.1/../../../../arm-none-eabi/lib/thumb/v7-m\libc_nano.a(lib_a-exit.o) (_global_impure_ptr)
c:/st/stm32cubeide_1.3.0/stm32cubeide/plugins/com.st.stm32cube.ide.mcu.externaltools.gnu-tools-for-stm32.7-2018-q2-update.win32_1.0.0.201904181610/tools/bin/../lib/gcc/arm-none-eabi/7.3.1/../../../../arm-none-eabi/lib/thumb/v7-m\libc_nano.a(lib_a-init.o)
                              c:/st/stm32cubeide_1.3.0/stm32cubeide/plugins/com.st.stm32cube.ide.mcu.externaltools.gnu-tools-for-stm32.7-2018-q2-update.win32_1.0.0.201904181610/tools/bin/../lib/gcc/arm-none-eabi/7.3.1/../../../../arm-none-eabi/lib/thumb/v7-m/crt0.o (__libc_init_array)
c:/st/stm32cubeide_1.3.0/stm32cubeide/plugins/com.st.stm32cube.ide.mcu.externaltools.gnu-tools-for-stm32.7-2018-q2-update.win32_1.0.0.201904181610/tools/bin/../lib/gcc/arm-none-eabi/7.3.1/../../../../arm-none-eabi/lib/thumb/v7-m\libc_nano.a(lib_a-memset.o)
                              c:/st/stm32cubeide_1.3.0/stm32cubeide/plugins/com.st.stm32cube.ide.mcu.externaltools.gnu-tools-for-stm32.7-2018-q2-update.win32_1.0.0.201904181610/tools/bin/../lib/gcc/arm-none-eabi/7.3.1/../../../../arm-none-eabi/lib/thumb/v7-m/crt0.o (memset)
c:/st/stm32cubeide_1.3.0/stm32cubeide/plugins/com.st.stm32cube.ide.mcu.externaltools.gnu-tools-for-stm32.7-2018-q2-update.win32_1.0.0.201904181610/tools/bin/../lib/gcc/arm-none-eabi/7.3.1/../../../../arm-none-eabi/lib/thumb/v7-m\libc_nano.a(lib_a-strlen.o)
                              Core/Src/main_dma_1.o (strlen)

Allocating common symbols
Common symbol       size              file

uwTick              0x4               Drivers/STM32L1xx_HAL_Driver/Src/stm32l1xx_hal.o
pFlash              0x18              Drivers/STM32L1xx_HAL_Driver/Src/stm32l1xx_hal_flash.o
dma1                0x1c              Core/Src/main_dma_1.o
hdma_usart1_tx      0x44              Core/Src/usart.o
hdma_uart1_tx       0x44              Core/Src/main_dma_1.o
huart1              0x40              Core/Src/usart.o
dma_channel_4       0x10              Core/Src/main_dma_1.o

Discarded input sections

 .text          0x0000000000000000        0x0 c:/st/stm32cubeide_1.3.0/stm32cubeide/plugins/com.st.stm32cube.ide.mcu.externaltools.gnu-tools-for-stm32.7-2018-q2-update.win32_1.0.0.201904181610/tools/bin/../lib/gcc/arm-none-eabi/7.3.1/thumb/v7-m/crti.o
 .data          0x0000000000000000        0x0 c:/st/stm32cubeide_1.3.0/stm32cubeide/plugins/com.st.stm32cube.ide.mcu.externaltools.gnu-tools-for-stm32.7-2018-q2-update.win32_1.0.0.201904181610/tools/bin/../lib/gcc/arm-none-eabi/7.3.1/thumb/v7-m/crti.o
 .bss           0x0000000000000000        0x0 c:/st/stm32cubeide_1.3.0/stm32cubeide/plugins/com.st.stm32cube.ide.mcu.externaltools.gnu-tools-for-stm32.7-2018-q2-update.win32_1.0.0.201904181610/tools/bin/../lib/gcc/arm-none-eabi/7.3.1/thumb/v7-m/crti.o
 .data          0x0000000000000000        0x4 c:/st/stm32cubeide_1.3.0/stm32cubeide/plugins/com.st.stm32cube.ide.mcu.externaltools.gnu-tools-for-stm32.7-2018-q2-update.win32_1.0.0.201904181610/tools/bin/../lib/gcc/arm-none-eabi/7.3.1/thumb/v7-m/crtbegin.o
 .text          0x0000000000000000       0x74 c:/st/stm32cubeide_1.3.0/stm32cubeide/plugins/com.st.stm32cube.ide.mcu.externaltools.gnu-tools-for-stm32.7-2018-q2-update.win32_1.0.0.201904181610/tools/bin/../lib/gcc/arm-none-eabi/7.3.1/../../../../arm-none-eabi/lib/thumb/v7-m/crt0.o
[...]
Memory Configuration

Name             Origin             Length             Attributes
RAM              0x0000000020000000 0x0000000000004000 xrw
FLASH            0x0000000008000000 0x0000000000040000 xr
*default*        0x0000000000000000 0xffffffffffffffff

Linker script and memory map

LOAD c:/st/stm32cubeide_1.3.0/stm32cubeide/plugins/com.st.stm32cube.ide.mcu.externaltools.gnu-tools-for-stm32.7-2018-q2-update.win32_1.0.0.201904181610/tools/bin/../lib/gcc/arm-none-eabi/7.3.1/thumb/v7-m/crti.o
LOAD c:/st/stm32cubeide_1.3.0/stm32cubeide/plugins/com.st.stm32cube.ide.mcu.externaltools.gnu-tools-for-stm32.7-2018-q2-update.win32_1.0.0.201904181610/tools/bin/../lib/gcc/arm-none-eabi/7.3.1/thumb/v7-m/crtbegin.o
LOAD c:/st/stm32cubeide_1.3.0/stm32cubeide/plugins/com.st.stm32cube.ide.mcu.externaltools.gnu-tools-for-stm32.7-2018-q2-update.win32_1.0.0.201904181610/tools/bin/../lib/gcc/arm-none-eabi/7.3.1/../../../../arm-none-eabi/lib/thumb/v7-m/crt0.o
LOAD Core/Src/dma.o
LOAD Core/Src/gpio.o
LOAD Core/Src/main_dma_1.o
LOAD Core/Src/ringbuffer.o
LOAD Core/Src/stm32l1xx_hal_msp.o
LOAD Core/Src/stm32l1xx_it.o
LOAD Core/Src/syscalls.o
LOAD Core/Src/sysmem.o
LOAD Core/Src/system_stm32l1xx.o
LOAD Core/Src/usart.o
LOAD Core/Startup/startup_stm32l100rctx.o
LOAD Drivers/STM32L1xx_HAL_Driver/Src/stm32l1xx_hal.o
LOAD Drivers/STM32L1xx_HAL_Driver/Src/stm32l1xx_hal_cortex.o
LOAD Drivers/STM32L1xx_HAL_Driver/Src/stm32l1xx_hal_dma.o
LOAD Drivers/STM32L1xx_HAL_Driver/Src/stm32l1xx_hal_flash.o
LOAD Drivers/STM32L1xx_HAL_Driver/Src/stm32l1xx_hal_flash_ex.o
LOAD Drivers/STM32L1xx_HAL_Driver/Src/stm32l1xx_hal_flash_ramfunc.o
LOAD Drivers/STM32L1xx_HAL_Driver/Src/stm32l1xx_hal_gpio.o
LOAD Drivers/STM32L1xx_HAL_Driver/Src/stm32l1xx_hal_pwr.o
LOAD Drivers/STM32L1xx_HAL_Driver/Src/stm32l1xx_hal_pwr_ex.o
LOAD Drivers/STM32L1xx_HAL_Driver/Src/stm32l1xx_hal_rcc.o
LOAD Drivers/STM32L1xx_HAL_Driver/Src/stm32l1xx_hal_rcc_ex.o
LOAD Drivers/STM32L1xx_HAL_Driver/Src/stm32l1xx_hal_tim.o
LOAD Drivers/STM32L1xx_HAL_Driver/Src/stm32l1xx_hal_tim_ex.o
LOAD Drivers/STM32L1xx_HAL_Driver/Src/stm32l1xx_hal_uart.o
START GROUP
LOAD c:/st/stm32cubeide_1.3.0/stm32cubeide/plugins/com.st.stm32cube.ide.mcu.externaltools.gnu-tools-for-stm32.7-2018-q2-update.win32_1.0.0.201904181610/tools/bin/../lib/gcc/arm-none-eabi/7.3.1/../../../../arm-none-eabi/lib/thumb/v7-m\libc_nano.a
LOAD c:/st/stm32cubeide_1.3.0/stm32cubeide/plugins/com.st.stm32cube.ide.mcu.externaltools.gnu-tools-for-stm32.7-2018-q2-update.win32_1.0.0.201904181610/tools/bin/../lib/gcc/arm-none-eabi/7.3.1/../../../../arm-none-eabi/lib/thumb/v7-m\libm.a
END GROUP
START GROUP
LOAD c:/st/stm32cubeide_1.3.0/stm32cubeide/plugins/com.st.stm32cube.ide.mcu.externaltools.gnu-tools-for-stm32.7-2018-q2-update.win32_1.0.0.201904181610/tools/bin/../lib/gcc/arm-none-eabi/7.3.1/thumb/v7-m\libgcc.a
LOAD c:/st/stm32cubeide_1.3.0/stm32cubeide/plugins/com.st.stm32cube.ide.mcu.externaltools.gnu-tools-for-stm32.7-2018-q2-update.win32_1.0.0.201904181610/tools/bin/../lib/gcc/arm-none-eabi/7.3.1/../../../../arm-none-eabi/lib/thumb/v7-m\libc_nano.a
END GROUP
START GROUP
LOAD c:/st/stm32cubeide_1.3.0/stm32cubeide/plugins/com.st.stm32cube.ide.mcu.externaltools.gnu-tools-for-stm32.7-2018-q2-update.win32_1.0.0.201904181610/tools/bin/../lib/gcc/arm-none-eabi/7.3.1/thumb/v7-m\libgcc.a
LOAD c:/st/stm32cubeide_1.3.0/stm32cubeide/plugins/com.st.stm32cube.ide.mcu.externaltools.gnu-tools-for-stm32.7-2018-q2-update.win32_1.0.0.201904181610/tools/bin/../lib/gcc/arm-none-eabi/7.3.1/../../../../arm-none-eabi/lib/thumb/v7-m\libc_nano.a
LOAD c:/st/stm32cubeide_1.3.0/stm32cubeide/plugins/com.st.stm32cube.ide.mcu.externaltools.gnu-tools-for-stm32.7-2018-q2-update.win32_1.0.0.201904181610/tools/bin/../lib/gcc/arm-none-eabi/7.3.1/../../../../arm-none-eabi/lib/thumb/v7-m\libnosys.a
END GROUP
START GROUP
LOAD c:/st/stm32cubeide_1.3.0/stm32cubeide/plugins/com.st.stm32cube.ide.mcu.externaltools.gnu-tools-for-stm32.7-2018-q2-update.win32_1.0.0.201904181610/tools/bin/../lib/gcc/arm-none-eabi/7.3.1/thumb/v7-m\libgcc.a
LOAD c:/st/stm32cubeide_1.3.0/stm32cubeide/plugins/com.st.stm32cube.ide.mcu.externaltools.gnu-tools-for-stm32.7-2018-q2-update.win32_1.0.0.201904181610/tools/bin/../lib/gcc/arm-none-eabi/7.3.1/../../../../arm-none-eabi/lib/thumb/v7-m\libc_nano.a
LOAD c:/st/stm32cubeide_1.3.0/stm32cubeide/plugins/com.st.stm32cube.ide.mcu.externaltools.gnu-tools-for-stm32.7-2018-q2-update.win32_1.0.0.201904181610/tools/bin/../lib/gcc/arm-none-eabi/7.3.1/../../../../arm-none-eabi/lib/thumb/v7-m\libnosys.a
END GROUP
LOAD c:/st/stm32cubeide_1.3.0/stm32cubeide/plugins/com.st.stm32cube.ide.mcu.externaltools.gnu-tools-for-stm32.7-2018-q2-update.win32_1.0.0.201904181610/tools/bin/../lib/gcc/arm-none-eabi/7.3.1/thumb/v7-m/crtend.o
LOAD c:/st/stm32cubeide_1.3.0/stm32cubeide/plugins/com.st.stm32cube.ide.mcu.externaltools.gnu-tools-for-stm32.7-2018-q2-update.win32_1.0.0.201904181610/tools/bin/../lib/gcc/arm-none-eabi/7.3.1/thumb/v7-m/crtn.o
                0x0000000020004000                _estack = (ORIGIN (RAM) + LENGTH (RAM))
                0x0000000000000200                _Min_Heap_Size = 0x200
                0x0000000000000400                _Min_Stack_Size = 0x400

.isr_vector     0x0000000008000000      0x13c
                0x0000000008000000                . = ALIGN (0x4)
 *(.isr_vector)
 .isr_vector    0x0000000008000000      0x13c Core/Startup/startup_stm32l100rctx.o
                0x0000000008000000                g_pfnVectors
                0x000000000800013c                . = ALIGN (0x4)

.text           0x000000000800013c     0x2298
                0x000000000800013c                . = ALIGN (0x4)
 *(.text)
 .text          0x000000000800013c       0x40 c:/st/stm32cubeide_1.3.0/stm32cubeide/plugins/com.st.stm32cube.ide.mcu.externaltools.gnu-tools-for-stm32.7-2018-q2-update.win32_1.0.0.201904181610/tools/bin/../lib/gcc/arm-none-eabi/7.3.1/thumb/v7-m/crtbegin.o
 .text          0x000000000800017c       0x10 c:/st/stm32cubeide_1.3.0/stm32cubeide/plugins/com.st.stm32cube.ide.mcu.externaltools.gnu-tools-for-stm32.7-2018-q2-update.win32_1.0.0.201904181610/tools/bin/../lib/gcc/arm-none-eabi/7.3.1/../../../../arm-none-eabi/lib/thumb/v7-m\libc_nano.a(lib_a-strlen.o)
                0x000000000800017c                strlen
 *(.text*)
 .text.MX_DMA_Init
                0x000000000800018c       0x3c Core/Src/dma.o
                0x000000000800018c                MX_DMA_Init
 .text.MX_GPIO_Init
                0x00000000080001c8       0xd0 Core/Src/gpio.o
                0x00000000080001c8                MX_GPIO_Init
 .text.main     0x0000000008000298       0xa4 Core/Src/main_dma_1.o
                0x0000000008000298                main
 .text.SystemClock_Config
                0x000000000800033c       0x9c Core/Src/main_dma_1.o
                0x000000000800033c                SystemClock_Config
 .text.Error_Handler
                0x00000000080003d8        0xc Core/Src/main_dma_1.o
                0x00000000080003d8                Error_Handler
 .text.HAL_MspInit
                0x00000000080003e4       0x60 Core/Src/stm32l1xx_hal_msp.o
                0x00000000080003e4                HAL_MspInit
 .text.NMI_Handler
                0x0000000008000444        0xc Core/Src/stm32l1xx_it.o
                0x0000000008000444                NMI_Handler
 .text.HardFault_Handler
                0x0000000008000450        0x6 Core/Src/stm32l1xx_it.o
                0x0000000008000450                HardFault_Handler
 .text.MemManage_Handler
                0x0000000008000456        0x6 Core/Src/stm32l1xx_it.o
                0x0000000008000456                MemManage_Handler
 .text.BusFault_Handler
                0x000000000800045c        0x6 Core/Src/stm32l1xx_it.o
                0x000000000800045c                BusFault_Handler
 .text.UsageFault_Handler
                0x0000000008000462        0x6 Core/Src/stm32l1xx_it.o
                0x0000000008000462                UsageFault_Handler
 .text.SVC_Handler
                0x0000000008000468        0xc Core/Src/stm32l1xx_it.o
                0x0000000008000468                SVC_Handler
 .text.DebugMon_Handler
                0x0000000008000474        0xc Core/Src/stm32l1xx_it.o
                0x0000000008000474                DebugMon_Handler
 .text.PendSV_Handler
                0x0000000008000480        0xc Core/Src/stm32l1xx_it.o
                0x0000000008000480                PendSV_Handler
 .text.SysTick_Handler
                0x000000000800048c        0xc Core/Src/stm32l1xx_it.o
                0x000000000800048c                SysTick_Handler
 .text.DMA1_Channel4_IRQHandler
                0x0000000008000498       0x14 Core/Src/stm32l1xx_it.o
                0x0000000008000498                DMA1_Channel4_IRQHandler
 .text.USART1_IRQHandler
                0x00000000080004ac       0x14 Core/Src/stm32l1xx_it.o
                0x00000000080004ac                USART1_IRQHandler
 .text.SystemInit
                0x00000000080004c0       0x68 Core/Src/system_stm32l1xx.o
                0x00000000080004c0                SystemInit
 .text.MX_USART1_UART_Init
                0x0000000008000528       0x54 Core/Src/usart.o
                0x0000000008000528                MX_USART1_UART_Init
 .text.HAL_UART_MspInit
                0x000000000800057c       0xec Core/Src/usart.o
                0x000000000800057c                HAL_UART_MspInit
 .text.Reset_Handler
                0x0000000008000668       0x48 Core/Startup/startup_stm32l100rctx.o
                0x0000000008000668                Reset_Handler
 .text.Default_Handler
                0x00000000080006b0        0x2 Core/Startup/startup_stm32l100rctx.o
                0x00000000080006b0                RTC_Alarm_IRQHandler
                0x00000000080006b0                EXTI2_IRQHandler
                0x00000000080006b0                COMP_ACQ_IRQHandler
                0x00000000080006b0                TIM10_IRQHandler
                0x00000000080006b0                USB_HP_IRQHandler
                0x00000000080006b0                TIM6_IRQHandler
                0x00000000080006b0                PVD_IRQHandler
                0x00000000080006b0                EXTI3_IRQHandler
                0x00000000080006b0                EXTI0_IRQHandler
                0x00000000080006b0                I2C2_EV_IRQHandler
                0x00000000080006b0                SPI1_IRQHandler
                0x00000000080006b0                USB_FS_WKUP_IRQHandler
                0x00000000080006b0                DMA2_Channel2_IRQHandler
                0x00000000080006b0                ADC1_IRQHandler
                0x00000000080006b0                USART3_IRQHandler
                0x00000000080006b0                DMA1_Channel7_IRQHandler
                0x00000000080006b0                LCD_IRQHandler
                0x00000000080006b0                TIM4_IRQHandler
                0x00000000080006b0                DMA2_Channel1_IRQHandler
                0x00000000080006b0                I2C1_EV_IRQHandler
                0x00000000080006b0                DMA1_Channel6_IRQHandler
                0x00000000080006b0                DMA2_Channel4_IRQHandler
                0x00000000080006b0                TIM3_IRQHandler
                0x00000000080006b0                RCC_IRQHandler
                0x00000000080006b0                DMA1_Channel1_IRQHandler
                0x00000000080006b0                Default_Handler
                0x00000000080006b0                EXTI15_10_IRQHandler
                0x00000000080006b0                TIM7_IRQHandler
                0x00000000080006b0                EXTI9_5_IRQHandler
                0x00000000080006b0                TIM9_IRQHandler
                0x00000000080006b0                TAMPER_STAMP_IRQHandler
                0x00000000080006b0                RTC_WKUP_IRQHandler
                0x00000000080006b0                SPI2_IRQHandler
                0x00000000080006b0                DMA2_Channel5_IRQHandler
                0x00000000080006b0                DMA1_Channel5_IRQHandler
                0x00000000080006b0                USB_LP_IRQHandler
                0x00000000080006b0                EXTI4_IRQHandler
                0x00000000080006b0                DMA1_Channel3_IRQHandler
                0x00000000080006b0                COMP_IRQHandler
                0x00000000080006b0                WWDG_IRQHandler
                0x00000000080006b0                TIM2_IRQHandler
                0x00000000080006b0                DAC_IRQHandler
                0x00000000080006b0                EXTI1_IRQHandler
                0x00000000080006b0                TIM11_IRQHandler
                0x00000000080006b0                USART2_IRQHandler
                0x00000000080006b0                I2C2_ER_IRQHandler
                0x00000000080006b0                DMA1_Channel2_IRQHandler
                0x00000000080006b0                FLASH_IRQHandler
                0x00000000080006b0                SPI3_IRQHandler
                0x00000000080006b0                I2C1_ER_IRQHandler
                0x00000000080006b0                DMA2_Channel3_IRQHandler
 .text.HAL_Init
                0x00000000080006b2       0x30 Drivers/STM32L1xx_HAL_Driver/Src/stm32l1xx_hal.o
                0x00000000080006b2                HAL_Init
 *fill*         0x00000000080006e2        0x2 
 .text.HAL_InitTick
                0x00000000080006e4       0x74 Drivers/STM32L1xx_HAL_Driver/Src/stm32l1xx_hal.o
                0x00000000080006e4                HAL_InitTick
 .text.HAL_IncTick
                0x0000000008000758       0x24 Drivers/STM32L1xx_HAL_Driver/Src/stm32l1xx_hal.o
                0x0000000008000758                HAL_IncTick
 .text.HAL_GetTick
                0x000000000800077c       0x14 Drivers/STM32L1xx_HAL_Driver/Src/stm32l1xx_hal.o
                0x000000000800077c                HAL_GetTick
 .text.__NVIC_SetPriorityGrouping
                0x0000000008000790       0x48 Drivers/STM32L1xx_HAL_Driver/Src/stm32l1xx_hal_cortex.o
 .text.__NVIC_GetPriorityGrouping
                0x00000000080007d8       0x1c Drivers/STM32L1xx_HAL_Driver/Src/stm32l1xx_hal_cortex.o
 .text.__NVIC_EnableIRQ
                0x00000000080007f4       0x38 Drivers/STM32L1xx_HAL_Driver/Src/stm32l1xx_hal_cortex.o
 .text.__NVIC_SetPriority
                0x000000000800082c       0x54 Drivers/STM32L1xx_HAL_Driver/Src/stm32l1xx_hal_cortex.o
 .text.NVIC_EncodePriority
                0x0000000008000880       0x64 Drivers/STM32L1xx_HAL_Driver/Src/stm32l1xx_hal_cortex.o
 .text.SysTick_Config
                0x00000000080008e4       0x44 Drivers/STM32L1xx_HAL_Driver/Src/stm32l1xx_hal_cortex.o
 .text.HAL_NVIC_SetPriorityGrouping
                0x0000000008000928       0x16 Drivers/STM32L1xx_HAL_Driver/Src/stm32l1xx_hal_cortex.o
                0x0000000008000928                HAL_NVIC_SetPriorityGrouping
 .text.HAL_NVIC_SetPriority
                0x000000000800093e       0x38 Drivers/STM32L1xx_HAL_Driver/Src/stm32l1xx_hal_cortex.o
                0x000000000800093e                HAL_NVIC_SetPriority
 .text.HAL_NVIC_EnableIRQ
                0x0000000008000976       0x1c Drivers/STM32L1xx_HAL_Driver/Src/stm32l1xx_hal_cortex.o
                0x0000000008000976                HAL_NVIC_EnableIRQ
 .text.HAL_SYSTICK_Config
                0x0000000008000992       0x18 Drivers/STM32L1xx_HAL_Driver/Src/stm32l1xx_hal_cortex.o
                0x0000000008000992                HAL_SYSTICK_Config
 *fill*         0x00000000080009aa        0x2 
 .text.HAL_DMA_Init
                0x00000000080009ac       0xe8 Drivers/STM32L1xx_HAL_Driver/Src/stm32l1xx_hal_dma.o
                0x00000000080009ac                HAL_DMA_Init
 .text.HAL_DMA_Start_IT
                0x0000000008000a94       0xc0 Drivers/STM32L1xx_HAL_Driver/Src/stm32l1xx_hal_dma.o
                0x0000000008000a94                HAL_DMA_Start_IT
 .text.HAL_DMA_Abort_IT
                0x0000000008000b54       0x82 Drivers/STM32L1xx_HAL_Driver/Src/stm32l1xx_hal_dma.o
                0x0000000008000b54                HAL_DMA_Abort_IT
 .text.HAL_DMA_IRQHandler
                0x0000000008000bd6      0x15e Drivers/STM32L1xx_HAL_Driver/Src/stm32l1xx_hal_dma.o
                0x0000000008000bd6                HAL_DMA_IRQHandler
 .text.DMA_SetConfig
                0x0000000008000d34       0x5e Drivers/STM32L1xx_HAL_Driver/Src/stm32l1xx_hal_dma.o
 *fill*         0x0000000008000d92        0x2 
 .text.HAL_GPIO_Init
                0x0000000008000d94      0x2ec Drivers/STM32L1xx_HAL_Driver/Src/stm32l1xx_hal_gpio.o
                0x0000000008000d94                HAL_GPIO_Init
 .text.HAL_GPIO_WritePin
                0x0000000008001080       0x30 Drivers/STM32L1xx_HAL_Driver/Src/stm32l1xx_hal_gpio.o
                0x0000000008001080                HAL_GPIO_WritePin
 .text.HAL_RCC_OscConfig
                0x00000000080010b0      0x660 Drivers/STM32L1xx_HAL_Driver/Src/stm32l1xx_hal_rcc.o
                0x00000000080010b0                HAL_RCC_OscConfig
 .text.HAL_RCC_ClockConfig
                0x0000000008001710      0x268 Drivers/STM32L1xx_HAL_Driver/Src/stm32l1xx_hal_rcc.o
                0x0000000008001710                HAL_RCC_ClockConfig
 .text.HAL_RCC_GetSysClockFreq
                0x0000000008001978       0xb0 Drivers/STM32L1xx_HAL_Driver/Src/stm32l1xx_hal_rcc.o
                0x0000000008001978                HAL_RCC_GetSysClockFreq
 .text.HAL_RCC_GetHCLKFreq
                0x0000000008001a28       0x14 Drivers/STM32L1xx_HAL_Driver/Src/stm32l1xx_hal_rcc.o
                0x0000000008001a28                HAL_RCC_GetHCLKFreq
 .text.HAL_RCC_GetPCLK1Freq
                0x0000000008001a3c       0x28 Drivers/STM32L1xx_HAL_Driver/Src/stm32l1xx_hal_rcc.o
                0x0000000008001a3c                HAL_RCC_GetPCLK1Freq
 .text.HAL_RCC_GetPCLK2Freq
                0x0000000008001a64       0x28 Drivers/STM32L1xx_HAL_Driver/Src/stm32l1xx_hal_rcc.o
                0x0000000008001a64                HAL_RCC_GetPCLK2Freq
 .text.RCC_SetFlashLatencyFromMSIRange
                0x0000000008001a8c       0xc0 Drivers/STM32L1xx_HAL_Driver/Src/stm32l1xx_hal_rcc.o
 .text.HAL_UART_Init
                0x0000000008001b4c       0x9a Drivers/STM32L1xx_HAL_Driver/Src/stm32l1xx_hal_uart.o
                0x0000000008001b4c                HAL_UART_Init
 *fill*         0x0000000008001be6        0x2 
 .text.HAL_UART_IRQHandler
                0x0000000008001be8      0x1f8 Drivers/STM32L1xx_HAL_Driver/Src/stm32l1xx_hal_uart.o
                0x0000000008001be8                HAL_UART_IRQHandler
 .text.HAL_UART_TxCpltCallback
                0x0000000008001de0       0x12 Drivers/STM32L1xx_HAL_Driver/Src/stm32l1xx_hal_uart.o
                0x0000000008001de0                HAL_UART_TxCpltCallback
 .text.HAL_UART_RxCpltCallback
                0x0000000008001df2       0x12 Drivers/STM32L1xx_HAL_Driver/Src/stm32l1xx_hal_uart.o
                0x0000000008001df2                HAL_UART_RxCpltCallback
 .text.HAL_UART_ErrorCallback
                0x0000000008001e04       0x12 Drivers/STM32L1xx_HAL_Driver/Src/stm32l1xx_hal_uart.o
                0x0000000008001e04                HAL_UART_ErrorCallback
 .text.UART_EndRxTransfer
                0x0000000008001e16       0x3a Drivers/STM32L1xx_HAL_Driver/Src/stm32l1xx_hal_uart.o
 .text.UART_DMAAbortOnError
                0x0000000008001e50       0x28 Drivers/STM32L1xx_HAL_Driver/Src/stm32l1xx_hal_uart.o
 .text.UART_Transmit_IT
                0x0000000008001e78       0xaa Drivers/STM32L1xx_HAL_Driver/Src/stm32l1xx_hal_uart.o
 .text.UART_EndTransmit_IT
                0x0000000008001f22       0x30 Drivers/STM32L1xx_HAL_Driver/Src/stm32l1xx_hal_uart.o
 .text.UART_Receive_IT
                0x0000000008001f52      0x102 Drivers/STM32L1xx_HAL_Driver/Src/stm32l1xx_hal_uart.o
 .text.UART_SetConfig
                0x0000000008002054      0x310 Drivers/STM32L1xx_HAL_Driver/Src/stm32l1xx_hal_uart.o
 .text.__libc_init_array
                0x0000000008002364       0x48 c:/st/stm32cubeide_1.3.0/stm32cubeide/plugins/com.st.stm32cube.ide.mcu.externaltools.gnu-tools-for-stm32.7-2018-q2-update.win32_1.0.0.201904181610/tools/bin/../lib/gcc/arm-none-eabi/7.3.1/../../../../arm-none-eabi/lib/thumb/v7-m\libc_nano.a(lib_a-init.o)
                0x0000000008002364                __libc_init_array
 .text.memset   0x00000000080023ac       0x10 c:/st/stm32cubeide_1.3.0/stm32cubeide/plugins/com.st.stm32cube.ide.mcu.externaltools.gnu-tools-for-stm32.7-2018-q2-update.win32_1.0.0.201904181610/tools/bin/../lib/gcc/arm-none-eabi/7.3.1/../../../../arm-none-eabi/lib/thumb/v7-m\libc_nano.a(lib_a-memset.o)
                0x00000000080023ac                memset
 *(.glue_7)
 .glue_7        0x00000000080023bc        0x0 linker stubs
 *(.glue_7t)
 .glue_7t       0x00000000080023bc        0x0 linker stubs
 *(.eh_frame)
 .eh_frame      0x00000000080023bc        0x0 c:/st/stm32cubeide_1.3.0/stm32cubeide/plugins/com.st.stm32cube.ide.mcu.externaltools.gnu-tools-for-stm32.7-2018-q2-update.win32_1.0.0.201904181610/tools/bin/../lib/gcc/arm-none-eabi/7.3.1/thumb/v7-m/crtbegin.o
 *(.init)
 .init          0x00000000080023bc        0x4 c:/st/stm32cubeide_1.3.0/stm32cubeide/plugins/com.st.stm32cube.ide.mcu.externaltools.gnu-tools-for-stm32.7-2018-q2-update.win32_1.0.0.201904181610/tools/bin/../lib/gcc/arm-none-eabi/7.3.1/thumb/v7-m/crti.o
                0x00000000080023bc                _init
 .init          0x00000000080023c0        0x8 c:/st/stm32cubeide_1.3.0/stm32cubeide/plugins/com.st.stm32cube.ide.mcu.externaltools.gnu-tools-for-stm32.7-2018-q2-update.win32_1.0.0.201904181610/tools/bin/../lib/gcc/arm-none-eabi/7.3.1/thumb/v7-m/crtn.o
 *(.fini)
 .fini          0x00000000080023c8        0x4 c:/st/stm32cubeide_1.3.0/stm32cubeide/plugins/com.st.stm32cube.ide.mcu.externaltools.gnu-tools-for-stm32.7-2018-q2-update.win32_1.0.0.201904181610/tools/bin/../lib/gcc/arm-none-eabi/7.3.1/thumb/v7-m/crti.o
                0x00000000080023c8                _fini
 .fini          0x00000000080023cc        0x8 c:/st/stm32cubeide_1.3.0/stm32cubeide/plugins/com.st.stm32cube.ide.mcu.externaltools.gnu-tools-for-stm32.7-2018-q2-update.win32_1.0.0.201904181610/tools/bin/../lib/gcc/arm-none-eabi/7.3.1/thumb/v7-m/crtn.o
                0x00000000080023d4                . = ALIGN (0x4)
                0x00000000080023d4                _etext = .

.vfp11_veneer   0x00000000080023d4        0x0
 .vfp11_veneer  0x00000000080023d4        0x0 linker stubs

.v4_bx          0x00000000080023d4        0x0
 .v4_bx         0x00000000080023d4        0x0 linker stubs

.iplt           0x00000000080023d4        0x0
 .iplt          0x00000000080023d4        0x0 c:/st/stm32cubeide_1.3.0/stm32cubeide/plugins/com.st.stm32cube.ide.mcu.externaltools.gnu-tools-for-stm32.7-2018-q2-update.win32_1.0.0.201904181610/tools/bin/../lib/gcc/arm-none-eabi/7.3.1/thumb/v7-m/crtbegin.o

.rodata         0x00000000080023d4       0x64
                0x00000000080023d4                . = ALIGN (0x4)
 *(.rodata)
 .rodata        0x00000000080023d4       0x3f Core/Src/main_dma_1.o
 *(.rodata*)
 *fill*         0x0000000008002413        0x1 
 .rodata.PLLMulTable
                0x0000000008002414        0x9 Core/Src/system_stm32l1xx.o
                0x0000000008002414                PLLMulTable
 *fill*         0x000000000800241d        0x3 
 .rodata.AHBPrescTable
                0x0000000008002420       0x10 Core/Src/system_stm32l1xx.o
                0x0000000008002420                AHBPrescTable
 .rodata.APBPrescTable
                0x0000000008002430        0x8 Core/Src/system_stm32l1xx.o
                0x0000000008002430                APBPrescTable
                0x0000000008002438                . = ALIGN (0x4)

.rel.dyn        0x0000000008002438        0x0
 .rel.iplt      0x0000000008002438        0x0 c:/st/stm32cubeide_1.3.0/stm32cubeide/plugins/com.st.stm32cube.ide.mcu.externaltools.gnu-tools-for-stm32.7-2018-q2-update.win32_1.0.0.201904181610/tools/bin/../lib/gcc/arm-none-eabi/7.3.1/thumb/v7-m/crtbegin.o

.ARM.extab      0x0000000008002438        0x0
                0x0000000008002438                . = ALIGN (0x4)
 *(.ARM.extab* .gnu.linkonce.armextab.*)
                0x0000000008002438                . = ALIGN (0x4)

.ARM            0x0000000008002438        0x0
                0x0000000008002438                . = ALIGN (0x4)
                0x0000000008002438                __exidx_start = .
 *(.ARM.exidx*)
                0x0000000008002438                __exidx_end = .
                0x0000000008002438                . = ALIGN (0x4)

.preinit_array  0x0000000008002438        0x0
                0x0000000008002438                . = ALIGN (0x4)
                0x0000000008002438                PROVIDE (__preinit_array_start = .)
 *(.preinit_array*)
                0x0000000008002438                PROVIDE (__preinit_array_end = .)
                0x0000000008002438                . = ALIGN (0x4)

.init_array     0x0000000008002438        0x4
                0x0000000008002438                . = ALIGN (0x4)
                0x0000000008002438                PROVIDE (__init_array_start = .)
 *(SORT_BY_NAME(.init_array.*))
 *(.init_array*)
 .init_array    0x0000000008002438        0x4 c:/st/stm32cubeide_1.3.0/stm32cubeide/plugins/com.st.stm32cube.ide.mcu.externaltools.gnu-tools-for-stm32.7-2018-q2-update.win32_1.0.0.201904181610/tools/bin/../lib/gcc/arm-none-eabi/7.3.1/thumb/v7-m/crtbegin.o
                0x000000000800243c                PROVIDE (__init_array_end = .)
                0x000000000800243c                . = ALIGN (0x4)

.fini_array     0x000000000800243c        0x4
                0x000000000800243c                . = ALIGN (0x4)
                [!provide]                        PROVIDE (__fini_array_start = .)
 *(SORT_BY_NAME(.fini_array.*))
 *(.fini_array*)
 .fini_array    0x000000000800243c        0x4 c:/st/stm32cubeide_1.3.0/stm32cubeide/plugins/com.st.stm32cube.ide.mcu.externaltools.gnu-tools-for-stm32.7-2018-q2-update.win32_1.0.0.201904181610/tools/bin/../lib/gcc/arm-none-eabi/7.3.1/thumb/v7-m/crtbegin.o
                [!provide]                        PROVIDE (__fini_array_end = .)
                0x0000000008002440                . = ALIGN (0x4)
                0x0000000008002440                _sidata = LOADADDR (.data)

.data           0x0000000020000000       0x10 load address 0x0000000008002440
                0x0000000020000000                . = ALIGN (0x4)
                0x0000000020000000                _sdata = .
 *(.data)
 *(.data*)
 .data.msg      0x0000000020000000        0x4 Core/Src/main_dma_1.o
                0x0000000020000000                msg
 .data.SystemCoreClock
                0x0000000020000004        0x4 Core/Src/system_stm32l1xx.o
                0x0000000020000004                SystemCoreClock
 .data.uwTickPrio
                0x0000000020000008        0x4 Drivers/STM32L1xx_HAL_Driver/Src/stm32l1xx_hal.o
                0x0000000020000008                uwTickPrio
 .data.uwTickFreq
                0x000000002000000c        0x4 Drivers/STM32L1xx_HAL_Driver/Src/stm32l1xx_hal.o
                0x000000002000000c                uwTickFreq
                0x0000000020000010                . = ALIGN (0x4)
                0x0000000020000010                _edata = .

.igot.plt       0x0000000020000010        0x0 load address 0x0000000008002450
 .igot.plt      0x0000000020000010        0x0 c:/st/stm32cubeide_1.3.0/stm32cubeide/plugins/com.st.stm32cube.ide.mcu.externaltools.gnu-tools-for-stm32.7-2018-q2-update.win32_1.0.0.201904181610/tools/bin/../lib/gcc/arm-none-eabi/7.3.1/thumb/v7-m/crtbegin.o
                0x0000000020000010                . = ALIGN (0x4)

.bss            0x0000000020000010      0x114 load address 0x0000000008002450
                0x0000000020000010                _sbss = .
                0x0000000020000010                __bss_start__ = _sbss
 *(.bss)
 .bss           0x0000000020000010       0x1c c:/st/stm32cubeide_1.3.0/stm32cubeide/plugins/com.st.stm32cube.ide.mcu.externaltools.gnu-tools-for-stm32.7-2018-q2-update.win32_1.0.0.201904181610/tools/bin/../lib/gcc/arm-none-eabi/7.3.1/thumb/v7-m/crtbegin.o
 *(.bss*)
 *(COMMON)
 COMMON         0x000000002000002c       0x70 Core/Src/main_dma_1.o
                0x000000002000002c                dma1
                0x0000000020000048                hdma_uart1_tx
                0x000000002000008c                dma_channel_4
 COMMON         0x000000002000009c       0x84 Core/Src/usart.o
                0x000000002000009c                hdma_usart1_tx
                0x00000000200000e0                huart1
 COMMON         0x0000000020000120        0x4 Drivers/STM32L1xx_HAL_Driver/Src/stm32l1xx_hal.o
                0x0000000020000120                uwTick
                0x0000000020000124                . = ALIGN (0x4)
                0x0000000020000124                _ebss = .
                0x0000000020000124                __bss_end__ = _ebss

._user_heap_stack
                0x0000000020000124      0x604 load address 0x0000000008002450
                0x0000000020000128                . = ALIGN (0x8)
 *fill*         0x0000000020000124        0x4 
                0x0000000020000128                PROVIDE (end = .)
                [!provide]                        PROVIDE (_end = .)
                0x0000000020000328                . = (. + _Min_Heap_Size)
 *fill*         0x0000000020000128      0x200 
                0x0000000020000728                . = (. + _Min_Stack_Size)
 *fill*         0x0000000020000328      0x400 
                0x0000000020000728                . = ALIGN (0x8)

/DISCARD/
 libc.a(*)
 libm.a(*)
 libgcc.a(*)

.ARM.attributes
                0x0000000000000000       0x29
 *(.ARM.attributes)
 .ARM.attributes
                0x0000000000000000       0x1d c:/st/stm32cubeide_1.3.0/stm32cubeide/plugins/com.st.stm32cube.ide.mcu.externaltools.gnu-tools-for-stm32.7-2018-q2-update.win32_1.0.0.201904181610/tools/bin/../lib/gcc/arm-none-eabi/7.3.1/thumb/v7-m/crti.o
 .ARM.attributes
                0x000000000000001d       0x2d c:/st/stm32cubeide_1.3.0/stm32cubeide/plugins/com.st.stm32cube.ide.mcu.externaltools.gnu-tools-for-stm32.7-2018-q2-update.win32_1.0.0.201904181610/tools/bin/../lib/gcc/arm-none-eabi/7.3.1/thumb/v7-m/crtbegin.o
 .ARM.attributes
                0x000000000000004a       0x33 Core/Src/dma.o
 .ARM.attributes
                0x000000000000007d       0x33 Core/Src/gpio.o
 .ARM.attributes
                0x00000000000000b0       0x33 Core/Src/main_dma_1.o
 .ARM.attributes
                0x00000000000000e3       0x33 Core/Src/stm32l1xx_hal_msp.o
 .ARM.attributes
                0x0000000000000116       0x33 Core/Src/stm32l1xx_it.o
 .ARM.attributes
                0x0000000000000149       0x33 Core/Src/system_stm32l1xx.o
 .ARM.attributes
                0x000000000000017c       0x33 Core/Src/usart.o
 .ARM.attributes
                0x00000000000001af       0x21 Core/Startup/startup_stm32l100rctx.o
 .ARM.attributes
                0x00000000000001d0       0x33 Drivers/STM32L1xx_HAL_Driver/Src/stm32l1xx_hal.o
 .ARM.attributes
                0x0000000000000203       0x33 Drivers/STM32L1xx_HAL_Driver/Src/stm32l1xx_hal_cortex.o
 .ARM.attributes
                0x0000000000000236       0x33 Drivers/STM32L1xx_HAL_Driver/Src/stm32l1xx_hal_dma.o
 .ARM.attributes
                0x0000000000000269       0x33 Drivers/STM32L1xx_HAL_Driver/Src/stm32l1xx_hal_gpio.o
 .ARM.attributes
                0x000000000000029c       0x33 Drivers/STM32L1xx_HAL_Driver/Src/stm32l1xx_hal_rcc.o
 .ARM.attributes
                0x00000000000002cf       0x33 Drivers/STM32L1xx_HAL_Driver/Src/stm32l1xx_hal_uart.o
 .ARM.attributes
                0x0000000000000302       0x2d c:/st/stm32cubeide_1.3.0/stm32cubeide/plugins/com.st.stm32cube.ide.mcu.externaltools.gnu-tools-for-stm32.7-2018-q2-update.win32_1.0.0.201904181610/tools/bin/../lib/gcc/arm-none-eabi/7.3.1/../../../../arm-none-eabi/lib/thumb/v7-m\libc_nano.a(lib_a-init.o)
 .ARM.attributes
                0x000000000000032f       0x2d c:/st/stm32cubeide_1.3.0/stm32cubeide/plugins/com.st.stm32cube.ide.mcu.externaltools.gnu-tools-for-stm32.7-2018-q2-update.win32_1.0.0.201904181610/tools/bin/../lib/gcc/arm-none-eabi/7.3.1/../../../../arm-none-eabi/lib/thumb/v7-m\libc_nano.a(lib_a-memset.o)
 .ARM.attributes
                0x000000000000035c       0x17 c:/st/stm32cubeide_1.3.0/stm32cubeide/plugins/com.st.stm32cube.ide.mcu.externaltools.gnu-tools-for-stm32.7-2018-q2-update.win32_1.0.0.201904181610/tools/bin/../lib/gcc/arm-none-eabi/7.3.1/../../../../arm-none-eabi/lib/thumb/v7-m\libc_nano.a(lib_a-strlen.o)
 .ARM.attributes
                0x0000000000000373       0x1d c:/st/stm32cubeide_1.3.0/stm32cubeide/plugins/com.st.stm32cube.ide.mcu.externaltools.gnu-tools-for-stm32.7-2018-q2-update.win32_1.0.0.201904181610/tools/bin/../lib/gcc/arm-none-eabi/7.3.1/thumb/v7-m/crtn.o
OUTPUT(L100CDISCO.elf elf32-littlearm)

.debug_info     0x0000000000000000     0x6eb9
 .debug_info    0x0000000000000000      0x3d4 Core/Src/dma.o
 .debug_info    0x00000000000003d4      0x3e7 Core/Src/gpio.o
 .debug_info    0x00000000000007bb     0x122c Core/Src/main_dma_1.o
 .debug_info    0x00000000000019e7      0x290 Core/Src/stm32l1xx_hal_msp.o
 .debug_info    0x0000000000001c77      0x64d Core/Src/stm32l1xx_it.o
 .debug_info    0x00000000000022c4      0x473 Core/Src/system_stm32l1xx.o
 .debug_info    0x0000000000002737      0x9b0 Core/Src/usart.o
 .debug_info    0x00000000000030e7       0x22 Core/Startup/startup_stm32l100rctx.o
 .debug_info    0x0000000000003109      0x70a Drivers/STM32L1xx_HAL_Driver/Src/stm32l1xx_hal.o
 .debug_info    0x0000000000003813      0xd72 Drivers/STM32L1xx_HAL_Driver/Src/stm32l1xx_hal_cortex.o
 .debug_info    0x0000000000004585      0x796 Drivers/STM32L1xx_HAL_Driver/Src/stm32l1xx_hal_dma.o
 .debug_info    0x0000000000004d1b      0x69d Drivers/STM32L1xx_HAL_Driver/Src/stm32l1xx_hal_gpio.o
 .debug_info    0x00000000000053b8      0x91f Drivers/STM32L1xx_HAL_Driver/Src/stm32l1xx_hal_rcc.o
 .debug_info    0x0000000000005cd7     0x11e2 Drivers/STM32L1xx_HAL_Driver/Src/stm32l1xx_hal_uart.o

.debug_abbrev   0x0000000000000000     0x16fe
 .debug_abbrev  0x0000000000000000      0x107 Core/Src/dma.o
 .debug_abbrev  0x0000000000000107      0x134 Core/Src/gpio.o
 .debug_abbrev  0x000000000000023b      0x21f Core/Src/main_dma_1.o
 .debug_abbrev  0x000000000000045a       0xef Core/Src/stm32l1xx_hal_msp.o
 .debug_abbrev  0x0000000000000549      0x158 Core/Src/stm32l1xx_it.o
 .debug_abbrev  0x00000000000006a1      0x111 Core/Src/system_stm32l1xx.o
 .debug_abbrev  0x00000000000007b2      0x1b3 Core/Src/usart.o
 .debug_abbrev  0x0000000000000965       0x12 Core/Startup/startup_stm32l100rctx.o
 .debug_abbrev  0x0000000000000977      0x21b Drivers/STM32L1xx_HAL_Driver/Src/stm32l1xx_hal.o
 .debug_abbrev  0x0000000000000b92      0x2fa Drivers/STM32L1xx_HAL_Driver/Src/stm32l1xx_hal_cortex.o
 .debug_abbrev  0x0000000000000e8c      0x204 Drivers/STM32L1xx_HAL_Driver/Src/stm32l1xx_hal_dma.o
 .debug_abbrev  0x0000000000001090      0x1c9 Drivers/STM32L1xx_HAL_Driver/Src/stm32l1xx_hal_gpio.o
 .debug_abbrev  0x0000000000001259      0x254 Drivers/STM32L1xx_HAL_Driver/Src/stm32l1xx_hal_rcc.o
 .debug_abbrev  0x00000000000014ad      0x251 Drivers/STM32L1xx_HAL_Driver/Src/stm32l1xx_hal_uart.o

.debug_aranges  0x0000000000000000      0x6b8
 .debug_aranges
                0x0000000000000000       0x20 Core/Src/dma.o
 .debug_aranges
                0x0000000000000020       0x20 Core/Src/gpio.o
 .debug_aranges
                0x0000000000000040       0x38 Core/Src/main_dma_1.o
 .debug_aranges
                0x0000000000000078       0x20 Core/Src/stm32l1xx_hal_msp.o
 .debug_aranges
                0x0000000000000098       0x70 Core/Src/stm32l1xx_it.o
 .debug_aranges
                0x0000000000000108       0x28 Core/Src/system_stm32l1xx.o
 .debug_aranges
                0x0000000000000130       0x30 Core/Src/usart.o
 .debug_aranges
                0x0000000000000160       0x28 Core/Startup/startup_stm32l100rctx.o
 .debug_aranges
                0x0000000000000188       0xe0 Drivers/STM32L1xx_HAL_Driver/Src/stm32l1xx_hal.o
 .debug_aranges
                0x0000000000000268      0x118 Drivers/STM32L1xx_HAL_Driver/Src/stm32l1xx_hal_cortex.o
 .debug_aranges
                0x0000000000000380       0x80 Drivers/STM32L1xx_HAL_Driver/Src/stm32l1xx_hal_dma.o
 .debug_aranges
                0x0000000000000400       0x58 Drivers/STM32L1xx_HAL_Driver/Src/stm32l1xx_hal_gpio.o
 .debug_aranges
                0x0000000000000458       0x90 Drivers/STM32L1xx_HAL_Driver/Src/stm32l1xx_hal_rcc.o
 .debug_aranges
                0x00000000000004e8      0x1d0 Drivers/STM32L1xx_HAL_Driver/Src/stm32l1xx_hal_uart.o

.debug_ranges   0x0000000000000000      0x5e0
 .debug_ranges  0x0000000000000000       0x10 Core/Src/dma.o
 .debug_ranges  0x0000000000000010       0x10 Core/Src/gpio.o
 .debug_ranges  0x0000000000000020       0x28 Core/Src/main_dma_1.o
 .debug_ranges  0x0000000000000048       0x10 Core/Src/stm32l1xx_hal_msp.o
 .debug_ranges  0x0000000000000058       0x60 Core/Src/stm32l1xx_it.o
 .debug_ranges  0x00000000000000b8       0x18 Core/Src/system_stm32l1xx.o
 .debug_ranges  0x00000000000000d0       0x20 Core/Src/usart.o
 .debug_ranges  0x00000000000000f0       0x20 Core/Startup/startup_stm32l100rctx.o
 .debug_ranges  0x0000000000000110       0xd0 Drivers/STM32L1xx_HAL_Driver/Src/stm32l1xx_hal.o
 .debug_ranges  0x00000000000001e0      0x108 Drivers/STM32L1xx_HAL_Driver/Src/stm32l1xx_hal_cortex.o
 .debug_ranges  0x00000000000002e8       0x70 Drivers/STM32L1xx_HAL_Driver/Src/stm32l1xx_hal_dma.o
 .debug_ranges  0x0000000000000358       0x48 Drivers/STM32L1xx_HAL_Driver/Src/stm32l1xx_hal_gpio.o
 .debug_ranges  0x00000000000003a0       0x80 Drivers/STM32L1xx_HAL_Driver/Src/stm32l1xx_hal_rcc.o
 .debug_ranges  0x0000000000000420      0x1c0 Drivers/STM32L1xx_HAL_Driver/Src/stm32l1xx_hal_uart.o

.debug_macro    0x0000000000000000    0x15177
 .debug_macro   0x0000000000000000      0x1a4 Core/Src/dma.o
 .debug_macro   0x00000000000001a4      0xa5a Core/Src/dma.o
 .debug_macro   0x0000000000000bfe      0x106 Core/Src/dma.o
 .debug_macro   0x0000000000000d04       0x2e Core/Src/dma.o
 .debug_macro   0x0000000000000d32       0x22 Core/Src/dma.o
 .debug_macro   0x0000000000000d54       0x22 Core/Src/dma.o
 .debug_macro   0x0000000000000d76       0x8e Core/Src/dma.o
 .debug_macro   0x0000000000000e04       0x51 Core/Src/dma.o
 .debug_macro   0x0000000000000e55       0xef Core/Src/dma.o
 .debug_macro   0x0000000000000f44       0x6a Core/Src/dma.o
 .debug_macro   0x0000000000000fae      0x1df Core/Src/dma.o
 .debug_macro   0x000000000000118d       0x1c Core/Src/dma.o
 .debug_macro   0x00000000000011a9       0x22 Core/Src/dma.o
 .debug_macro   0x00000000000011cb       0xc3 Core/Src/dma.o
 .debug_macro   0x000000000000128e      0xe49 Core/Src/dma.o
 .debug_macro   0x00000000000020d7      0x11f Core/Src/dma.o
 .debug_macro   0x00000000000021f6     0xb5e1 Core/Src/dma.o
 .debug_macro   0x000000000000d7d7       0x43 Core/Src/dma.o
 .debug_macro   0x000000000000d81a     0x3468 Core/Src/dma.o
 .debug_macro   0x0000000000010c82      0x174 Core/Src/dma.o
 .debug_macro   0x0000000000010df6       0x5b Core/Src/dma.o
 .debug_macro   0x0000000000010e51      0xe38 Core/Src/dma.o
 .debug_macro   0x0000000000011c89      0x171 Core/Src/dma.o
 .debug_macro   0x0000000000011dfa      0x13b Core/Src/dma.o
 .debug_macro   0x0000000000011f35       0xb3 Core/Src/dma.o
 .debug_macro   0x0000000000011fe8      0x21e Core/Src/dma.o
 .debug_macro   0x0000000000012206      0x236 Core/Src/dma.o
 .debug_macro   0x000000000001243c      0x115 Core/Src/dma.o
 .debug_macro   0x0000000000012551      0x368 Core/Src/dma.o
 .debug_macro   0x00000000000128b9      0x1e9 Core/Src/dma.o
 .debug_macro   0x0000000000012aa2       0x1c Core/Src/dma.o
 .debug_macro   0x0000000000012abe      0x287 Core/Src/dma.o
 .debug_macro   0x0000000000012d45      0x3e3 Core/Src/dma.o
 .debug_macro   0x0000000000013128      0x1a4 Core/Src/gpio.o
 .debug_macro   0x00000000000132cc      0x376 Core/Src/main_dma_1.o
 .debug_macro   0x0000000000013642       0x46 Core/Src/main_dma_1.o
 .debug_macro   0x0000000000013688       0x18 Core/Src/main_dma_1.o
 .debug_macro   0x00000000000136a0       0x3c Core/Src/main_dma_1.o
 .debug_macro   0x00000000000136dc       0x34 Core/Src/main_dma_1.o
 .debug_macro   0x0000000000013710       0x52 Core/Src/main_dma_1.o
 .debug_macro   0x0000000000013762       0x1f Core/Src/main_dma_1.o
 .debug_macro   0x0000000000013781       0x43 Core/Src/main_dma_1.o
 .debug_macro   0x00000000000137c4       0x20 Core/Src/main_dma_1.o
 .debug_macro   0x00000000000137e4      0x1a3 Core/Src/main_dma_1.o
 .debug_macro   0x0000000000013987      0x32a Core/Src/main_dma_1.o
 .debug_macro   0x0000000000013cb1       0x10 Core/Src/main_dma_1.o
 .debug_macro   0x0000000000013cc1       0x35 Core/Src/main_dma_1.o
 .debug_macro   0x0000000000013cf6       0x20 Core/Src/main_dma_1.o
 .debug_macro   0x0000000000013d16       0x16 Core/Src/main_dma_1.o
 .debug_macro   0x0000000000013d2c       0x16 Core/Src/main_dma_1.o
 .debug_macro   0x0000000000013d42       0x29 Core/Src/main_dma_1.o
 .debug_macro   0x0000000000013d6b       0x1c Core/Src/main_dma_1.o
 .debug_macro   0x0000000000013d87       0x10 Core/Src/main_dma_1.o
 .debug_macro   0x0000000000013d97       0x10 Core/Src/main_dma_1.o
 .debug_macro   0x0000000000013da7       0x1c Core/Src/main_dma_1.o
 .debug_macro   0x0000000000013dc3       0x52 Core/Src/main_dma_1.o
 .debug_macro   0x0000000000013e15       0x40 Core/Src/main_dma_1.o
 .debug_macro   0x0000000000013e55       0x10 Core/Src/main_dma_1.o
 .debug_macro   0x0000000000013e65       0x40 Core/Src/main_dma_1.o
 .debug_macro   0x0000000000013ea5       0xd7 Core/Src/main_dma_1.o
 .debug_macro   0x0000000000013f7c       0x1c Core/Src/main_dma_1.o
 .debug_macro   0x0000000000013f98       0x3d Core/Src/main_dma_1.o
 .debug_macro   0x0000000000013fd5       0x16 Core/Src/main_dma_1.o
 .debug_macro   0x0000000000013feb      0x145 Core/Src/main_dma_1.o
 .debug_macro   0x0000000000014130      0x19a Core/Src/stm32l1xx_hal_msp.o
 .debug_macro   0x00000000000142ca      0x1a4 Core/Src/stm32l1xx_it.o
 .debug_macro   0x000000000001446e      0x196 Core/Src/system_stm32l1xx.o
 .debug_macro   0x0000000000014604      0x1a4 Core/Src/usart.o
 .debug_macro   0x00000000000147a8      0x1b4 Drivers/STM32L1xx_HAL_Driver/Src/stm32l1xx_hal.o
 .debug_macro   0x000000000001495c      0x190 Drivers/STM32L1xx_HAL_Driver/Src/stm32l1xx_hal_cortex.o
 .debug_macro   0x0000000000014aec      0x190 Drivers/STM32L1xx_HAL_Driver/Src/stm32l1xx_hal_dma.o
 .debug_macro   0x0000000000014c7c      0x1c8 Drivers/STM32L1xx_HAL_Driver/Src/stm32l1xx_hal_gpio.o
 .debug_macro   0x0000000000014e44      0x1a2 Drivers/STM32L1xx_HAL_Driver/Src/stm32l1xx_hal_rcc.o
 .debug_macro   0x0000000000014fe6      0x191 Drivers/STM32L1xx_HAL_Driver/Src/stm32l1xx_hal_uart.o

.debug_line     0x0000000000000000     0x6bab
 .debug_line    0x0000000000000000      0x659 Core/Src/dma.o
 .debug_line    0x0000000000000659      0x667 Core/Src/gpio.o
 .debug_line    0x0000000000000cc0      0x8fe Core/Src/main_dma_1.o
 .debug_line    0x00000000000015be      0x660 Core/Src/stm32l1xx_hal_msp.o
 .debug_line    0x0000000000001c1e      0x726 Core/Src/stm32l1xx_it.o
 .debug_line    0x0000000000002344      0x685 Core/Src/system_stm32l1xx.o
 .debug_line    0x00000000000029c9      0x6a1 Core/Src/usart.o
 .debug_line    0x000000000000306a       0x84 Core/Startup/startup_stm32l100rctx.o
 .debug_line    0x00000000000030ee      0x83a Drivers/STM32L1xx_HAL_Driver/Src/stm32l1xx_hal.o
 .debug_line    0x0000000000003928      0x985 Drivers/STM32L1xx_HAL_Driver/Src/stm32l1xx_hal_cortex.o
 .debug_line    0x00000000000042ad      0x86d Drivers/STM32L1xx_HAL_Driver/Src/stm32l1xx_hal_dma.o
 .debug_line    0x0000000000004b1a      0x7dc Drivers/STM32L1xx_HAL_Driver/Src/stm32l1xx_hal_gpio.o
 .debug_line    0x00000000000052f6      0x963 Drivers/STM32L1xx_HAL_Driver/Src/stm32l1xx_hal_rcc.o
 .debug_line    0x0000000000005c59      0xf52 Drivers/STM32L1xx_HAL_Driver/Src/stm32l1xx_hal_uart.o

.debug_str      0x0000000000000000    0x806e7
 .debug_str     0x0000000000000000    0x7a9f4 Core/Src/dma.o
                                      0x7ac75 (size before relaxing)
 .debug_str     0x000000000007a9f4       0xb9 Core/Src/gpio.o
                                      0x7a9d8 (size before relaxing)
 .debug_str     0x000000000007aaad     0x46f3 Core/Src/main_dma_1.o
                                      0x7f3f9 (size before relaxing)
 .debug_str     0x000000000007f1a0       0x2c Core/Src/stm32l1xx_hal_msp.o
                                      0x7a93d (size before relaxing)
 .debug_str     0x000000000007f1cc       0xf7 Core/Src/stm32l1xx_it.o
                                      0x7ad3e (size before relaxing)
 .debug_str     0x000000000007f2c3       0xd5 Core/Src/system_stm32l1xx.o
                                      0x7a9d5 (size before relaxing)
 .debug_str     0x000000000007f398       0x57 Core/Src/usart.o
                                      0x7b0ef (size before relaxing)
 .debug_str     0x000000000007f3ef       0x36 Core/Startup/startup_stm32l100rctx.o
                                         0x57 (size before relaxing)
 .debug_str     0x000000000007f425      0x2e8 Drivers/STM32L1xx_HAL_Driver/Src/stm32l1xx_hal.o
                                      0x7b027 (size before relaxing)
 .debug_str     0x000000000007f70d      0x3c1 Drivers/STM32L1xx_HAL_Driver/Src/stm32l1xx_hal_cortex.o
                                      0x7b166 (size before relaxing)
 .debug_str     0x000000000007face      0x252 Drivers/STM32L1xx_HAL_Driver/Src/stm32l1xx_hal_dma.o
                                      0x7ad24 (size before relaxing)
 .debug_str     0x000000000007fd20      0x20f Drivers/STM32L1xx_HAL_Driver/Src/stm32l1xx_hal_gpio.o
                                      0x7abf9 (size before relaxing)
 .debug_str     0x000000000007ff2f      0x290 Drivers/STM32L1xx_HAL_Driver/Src/stm32l1xx_hal_rcc.o
                                      0x7adcb (size before relaxing)
 .debug_str     0x00000000000801bf      0x528 Drivers/STM32L1xx_HAL_Driver/Src/stm32l1xx_hal_uart.o
                                      0x7b21e (size before relaxing)

.comment        0x0000000000000000       0x7b
 .comment       0x0000000000000000       0x7b Core/Src/dma.o
                                         0x7c (size before relaxing)
 .comment       0x000000000000007b       0x7c Core/Src/gpio.o
 .comment       0x000000000000007b       0x7c Core/Src/main_dma_1.o
 .comment       0x000000000000007b       0x7c Core/Src/stm32l1xx_hal_msp.o
 .comment       0x000000000000007b       0x7c Core/Src/stm32l1xx_it.o
 .comment       0x000000000000007b       0x7c Core/Src/system_stm32l1xx.o
 .comment       0x000000000000007b       0x7c Core/Src/usart.o
 .comment       0x000000000000007b       0x7c Drivers/STM32L1xx_HAL_Driver/Src/stm32l1xx_hal.o
 .comment       0x000000000000007b       0x7c Drivers/STM32L1xx_HAL_Driver/Src/stm32l1xx_hal_cortex.o
 .comment       0x000000000000007b       0x7c Drivers/STM32L1xx_HAL_Driver/Src/stm32l1xx_hal_dma.o
 .comment       0x000000000000007b       0x7c Drivers/STM32L1xx_HAL_Driver/Src/stm32l1xx_hal_gpio.o
 .comment       0x000000000000007b       0x7c Drivers/STM32L1xx_HAL_Driver/Src/stm32l1xx_hal_rcc.o
 .comment       0x000000000000007b       0x7c Drivers/STM32L1xx_HAL_Driver/Src/stm32l1xx_hal_uart.o

.debug_frame    0x0000000000000000     0x1908
 .debug_frame   0x0000000000000000       0x34 Core/Src/dma.o
 .debug_frame   0x0000000000000034       0x34 Core/Src/gpio.o
 .debug_frame   0x0000000000000068       0x98 Core/Src/main_dma_1.o
 .debug_frame   0x0000000000000100       0x34 Core/Src/stm32l1xx_hal_msp.o
 .debug_frame   0x0000000000000134      0x144 Core/Src/stm32l1xx_it.o
 .debug_frame   0x0000000000000278       0x58 Core/Src/system_stm32l1xx.o
 .debug_frame   0x00000000000002d0       0x74 Core/Src/usart.o
 .debug_frame   0x0000000000000344      0x33c Drivers/STM32L1xx_HAL_Driver/Src/stm32l1xx_hal.o
 .debug_frame   0x0000000000000680      0x498 Drivers/STM32L1xx_HAL_Driver/Src/stm32l1xx_hal_cortex.o
 .debug_frame   0x0000000000000b18      0x204 Drivers/STM32L1xx_HAL_Driver/Src/stm32l1xx_hal_dma.o
 .debug_frame   0x0000000000000d1c      0x14c Drivers/STM32L1xx_HAL_Driver/Src/stm32l1xx_hal_gpio.o
 .debug_frame   0x0000000000000e68      0x21c Drivers/STM32L1xx_HAL_Driver/Src/stm32l1xx_hal_rcc.o
 .debug_frame   0x0000000000001084      0x838 Drivers/STM32L1xx_HAL_Driver/Src/stm32l1xx_hal_uart.o
 .debug_frame   0x00000000000018bc       0x2c c:/st/stm32cubeide_1.3.0/stm32cubeide/plugins/com.st.stm32cube.ide.mcu.externaltools.gnu-tools-for-stm32.7-2018-q2-update.win32_1.0.0.201904181610/tools/bin/../lib/gcc/arm-none-eabi/7.3.1/../../../../arm-none-eabi/lib/thumb/v7-m\libc_nano.a(lib_a-init.o)
 .debug_frame   0x00000000000018e8       0x20 c:/st/stm32cubeide_1.3.0/stm32cubeide/plugins/com.st.stm32cube.ide.mcu.externaltools.gnu-tools-for-stm32.7-2018-q2-update.win32_1.0.0.201904181610/tools/bin/../lib/gcc/arm-none-eabi/7.3.1/../../../../arm-none-eabi/lib/thumb/v7-m\libc_nano.a(lib_a-memset.o)
