Archive member included to satisfy reference by file (symbol)

c:/st/stm32cubeide_1.3.0/stm32cubeide/plugins/com.st.stm32cube.ide.mcu.externaltools.gnu-tools-for-stm32.7-2018-q2-update.win32_1.0.0.201904181610/tools/bin/../lib/gcc/arm-none-eabi/7.3.1/../../../../arm-none-eabi/lib/thumb/v7-m\libc_nano.a(lib_a-errno.o)
                              Core/Src/syscalls.o (__errno)
c:/st/stm32cubeide_1.3.0/stm32cubeide/plugins/com.st.stm32cube.ide.mcu.externaltools.gnu-tools-for-stm32.7-2018-q2-update.win32_1.0.0.201904181610/tools/bin/../lib/gcc/arm-none-eabi/7.3.1/../../../../arm-none-eabi/lib/thumb/v7-m\libc_nano.a(lib_a-exit.o)
                              c:/st/stm32cubeide_1.3.0/stm32cubeide/plugins/com.st.stm32cube.ide.mcu.externaltools.gnu-tools-for-stm32.7-2018-q2-update.win32_1.0.0.201904181610/tools/bin/../lib/gcc/arm-none-eabi/7.3.1/../../../../arm-none-eabi/lib/thumb/v7-m/crt0.o (exit)
c:/st/stm32cubeide_1.3.0/stm32cubeide/plugins/com.st.stm32cube.ide.mcu.externaltools.gnu-tools-for-stm32.7-2018-q2-update.win32_1.0.0.201904181610/tools/bin/../lib/gcc/arm-none-eabi/7.3.1/../../../../arm-none-eabi/lib/thumb/v7-m\libc_nano.a(lib_a-impure.o)
                              c:/st/stm32cubeide_1.3.0/stm32cubeide/plugins/com.st.stm32cube.ide.mcu.externaltools.gnu-tools-for-stm32.7-2018-q2-update.win32_1.0.0.201904181610/tools/bin/../lib/gcc/arm-none-eabi/7.3.1/../../../../arm-none-eabi/lib/thumb/v7-m\libc_nano.a(lib_a-exit.o) (_global_impure_ptr)
c:/st/stm32cubeide_1.3.0/stm32cubeide/plugins/com.st.stm32cube.ide.mcu.externaltools.gnu-tools-for-stm32.7-2018-q2-update.win32_1.0.0.201904181610/tools/bin/../lib/gcc/arm-none-eabi/7.3.1/../../../../arm-none-eabi/lib/thumb/v7-m\libc_nano.a(lib_a-init.o)
                              c:/st/stm32cubeide_1.3.0/stm32cubeide/plugins/com.st.stm32cube.ide.mcu.externaltools.gnu-tools-for-stm32.7-2018-q2-update.win32_1.0.0.201904181610/tools/bin/../lib/gcc/arm-none-eabi/7.3.1/../../../../arm-none-eabi/lib/thumb/v7-m/crt0.o (__libc_init_array)
c:/st/stm32cubeide_1.3.0/stm32cubeide/plugins/com.st.stm32cube.ide.mcu.externaltools.gnu-tools-for-stm32.7-2018-q2-update.win32_1.0.0.201904181610/tools/bin/../lib/gcc/arm-none-eabi/7.3.1/../../../../arm-none-eabi/lib/thumb/v7-m\libc_nano.a(lib_a-memcpy-stub.o)
                              Core/Src/main_4_m2m.o (memcpy)
c:/st/stm32cubeide_1.3.0/stm32cubeide/plugins/com.st.stm32cube.ide.mcu.externaltools.gnu-tools-for-stm32.7-2018-q2-update.win32_1.0.0.201904181610/tools/bin/../lib/gcc/arm-none-eabi/7.3.1/../../../../arm-none-eabi/lib/thumb/v7-m\libc_nano.a(lib_a-memset.o)
                              c:/st/stm32cubeide_1.3.0/stm32cubeide/plugins/com.st.stm32cube.ide.mcu.externaltools.gnu-tools-for-stm32.7-2018-q2-update.win32_1.0.0.201904181610/tools/bin/../lib/gcc/arm-none-eabi/7.3.1/../../../../arm-none-eabi/lib/thumb/v7-m/crt0.o (memset)

Allocating common symbols
Common symbol       size              file

hdma_usart2_rx      0x44              Core/Src/usart.o
hdma_memtomem_dma1_channel5
                    0x44              Core/Src/main_4_m2m.o
uwTick              0x4               Drivers/STM32L1xx_HAL_Driver/Src/stm32l1xx_hal.o
pFlash              0x18              Drivers/STM32L1xx_HAL_Driver/Src/stm32l1xx_hal_flash.o
sramData            0x7d0             Core/Src/main_4_m2m.o
huart2              0x40              Core/Src/usart.o

Discarded input sections

 .text          0x0000000000000000        0x0 c:/st/stm32cubeide_1.3.0/stm32cubeide/plugins/com.st.stm32cube.ide.mcu.externaltools.gnu-tools-for-stm32.7-2018-q2-update.win32_1.0.0.201904181610/tools/bin/../lib/gcc/arm-none-eabi/7.3.1/thumb/v7-m/crti.o
 .data          0x0000000000000000        0x0 c:/st/stm32cubeide_1.3.0/stm32cubeide/plugins/com.st.stm32cube.ide.mcu.externaltools.gnu-tools-for-stm32.7-2018-q2-update.win32_1.0.0.201904181610/tools/bin/../lib/gcc/arm-none-eabi/7.3.1/thumb/v7-m/crti.o
 .bss           0x0000000000000000        0x0 c:/st/stm32cubeide_1.3.0/stm32cubeide/plugins/com.st.stm32cube.ide.mcu.externaltools.gnu-tools-for-stm32.7-2018-q2-update.win32_1.0.0.201904181610/tools/bin/../lib/gcc/arm-none-eabi/7.3.1/thumb/v7-m/crti.o
 .data          0x0000000000000000        0x4 c:/st/stm32cubeide_1.3.0/stm32cubeide/plugins/com.st.stm32cube.ide.mcu.externaltools.gnu-tools-for-stm32.7-2018-q2-update.win32_1.0.0.201904181610/tools/bin/../lib/gcc/arm-none-eabi/7.3.1/thumb/v7-m/crtbegin.o
 .text          0x0000000000000000       0x74 c:/st/stm32cubeide_1.3.0/stm32cubeide/plugins/com.st.stm32cube.ide.mcu.externaltools.gnu-tools-for-stm32.7-2018-q2-update.win32_1.0.0.201904181610/tools/bin/../lib/gcc/arm-none-eabi/7.3.1/../../../../arm-none-eabi/lib/thumb/v7-m/crt0.o
 .data          0x0000000000000000        0x0 c:/st/stm32cubeide_1.3.0/stm32cubeide/plugins/com.st.stm32cube.ide.mcu.externaltools.gnu-tools-for-stm32.7-2018-q2-update.win32_1.0.0.201904181610/tools/bin/../lib/gcc/arm-none-eabi/7.3.1/../../../../arm-none-eabi/lib/thumb/v7-m/crt0.o
[...]
Memory Configuration

Name             Origin             Length             Attributes
RAM              0x0000000020000000 0x0000000000004000 xrw
FLASH            0x0000000008000000 0x0000000000040000 xr
*default*        0x0000000000000000 0xffffffffffffffff

Linker script and memory map

LOAD c:/st/stm32cubeide_1.3.0/stm32cubeide/plugins/com.st.stm32cube.ide.mcu.externaltools.gnu-tools-for-stm32.7-2018-q2-update.win32_1.0.0.201904181610/tools/bin/../lib/gcc/arm-none-eabi/7.3.1/thumb/v7-m/crti.o
LOAD c:/st/stm32cubeide_1.3.0/stm32cubeide/plugins/com.st.stm32cube.ide.mcu.externaltools.gnu-tools-for-stm32.7-2018-q2-update.win32_1.0.0.201904181610/tools/bin/../lib/gcc/arm-none-eabi/7.3.1/thumb/v7-m/crtbegin.o
LOAD c:/st/stm32cubeide_1.3.0/stm32cubeide/plugins/com.st.stm32cube.ide.mcu.externaltools.gnu-tools-for-stm32.7-2018-q2-update.win32_1.0.0.201904181610/tools/bin/../lib/gcc/arm-none-eabi/7.3.1/../../../../arm-none-eabi/lib/thumb/v7-m/crt0.o
LOAD Core/Src/dma.o
LOAD Core/Src/gpio.o
LOAD Core/Src/main_4_m2m.o
LOAD Core/Src/ringbuffer.o
LOAD Core/Src/stm32l1xx_hal_msp.o
LOAD Core/Src/stm32l1xx_it.o
LOAD Core/Src/syscalls.o
LOAD Core/Src/sysmem.o
LOAD Core/Src/system_stm32l1xx.o
LOAD Core/Src/usart.o
LOAD Core/Startup/startup_stm32l100rctx.o
LOAD Drivers/STM32L1xx_HAL_Driver/Src/stm32l1xx_hal.o
LOAD Drivers/STM32L1xx_HAL_Driver/Src/stm32l1xx_hal_cortex.o
LOAD Drivers/STM32L1xx_HAL_Driver/Src/stm32l1xx_hal_dma.o
LOAD Drivers/STM32L1xx_HAL_Driver/Src/stm32l1xx_hal_flash.o
LOAD Drivers/STM32L1xx_HAL_Driver/Src/stm32l1xx_hal_flash_ex.o
LOAD Drivers/STM32L1xx_HAL_Driver/Src/stm32l1xx_hal_flash_ramfunc.o
LOAD Drivers/STM32L1xx_HAL_Driver/Src/stm32l1xx_hal_gpio.o
LOAD Drivers/STM32L1xx_HAL_Driver/Src/stm32l1xx_hal_pwr.o
LOAD Drivers/STM32L1xx_HAL_Driver/Src/stm32l1xx_hal_pwr_ex.o
LOAD Drivers/STM32L1xx_HAL_Driver/Src/stm32l1xx_hal_rcc.o
LOAD Drivers/STM32L1xx_HAL_Driver/Src/stm32l1xx_hal_rcc_ex.o
LOAD Drivers/STM32L1xx_HAL_Driver/Src/stm32l1xx_hal_tim.o
LOAD Drivers/STM32L1xx_HAL_Driver/Src/stm32l1xx_hal_tim_ex.o
LOAD Drivers/STM32L1xx_HAL_Driver/Src/stm32l1xx_hal_uart.o
START GROUP
LOAD c:/st/stm32cubeide_1.3.0/stm32cubeide/plugins/com.st.stm32cube.ide.mcu.externaltools.gnu-tools-for-stm32.7-2018-q2-update.win32_1.0.0.201904181610/tools/bin/../lib/gcc/arm-none-eabi/7.3.1/../../../../arm-none-eabi/lib/thumb/v7-m\libc_nano.a
LOAD c:/st/stm32cubeide_1.3.0/stm32cubeide/plugins/com.st.stm32cube.ide.mcu.externaltools.gnu-tools-for-stm32.7-2018-q2-update.win32_1.0.0.201904181610/tools/bin/../lib/gcc/arm-none-eabi/7.3.1/../../../../arm-none-eabi/lib/thumb/v7-m\libm.a
END GROUP
START GROUP
LOAD c:/st/stm32cubeide_1.3.0/stm32cubeide/plugins/com.st.stm32cube.ide.mcu.externaltools.gnu-tools-for-stm32.7-2018-q2-update.win32_1.0.0.201904181610/tools/bin/../lib/gcc/arm-none-eabi/7.3.1/thumb/v7-m\libgcc.a
LOAD c:/st/stm32cubeide_1.3.0/stm32cubeide/plugins/com.st.stm32cube.ide.mcu.externaltools.gnu-tools-for-stm32.7-2018-q2-update.win32_1.0.0.201904181610/tools/bin/../lib/gcc/arm-none-eabi/7.3.1/../../../../arm-none-eabi/lib/thumb/v7-m\libc_nano.a
END GROUP
START GROUP
LOAD c:/st/stm32cubeide_1.3.0/stm32cubeide/plugins/com.st.stm32cube.ide.mcu.externaltools.gnu-tools-for-stm32.7-2018-q2-update.win32_1.0.0.201904181610/tools/bin/../lib/gcc/arm-none-eabi/7.3.1/thumb/v7-m\libgcc.a
LOAD c:/st/stm32cubeide_1.3.0/stm32cubeide/plugins/com.st.stm32cube.ide.mcu.externaltools.gnu-tools-for-stm32.7-2018-q2-update.win32_1.0.0.201904181610/tools/bin/../lib/gcc/arm-none-eabi/7.3.1/../../../../arm-none-eabi/lib/thumb/v7-m\libc_nano.a
LOAD c:/st/stm32cubeide_1.3.0/stm32cubeide/plugins/com.st.stm32cube.ide.mcu.externaltools.gnu-tools-for-stm32.7-2018-q2-update.win32_1.0.0.201904181610/tools/bin/../lib/gcc/arm-none-eabi/7.3.1/../../../../arm-none-eabi/lib/thumb/v7-m\libnosys.a
END GROUP
START GROUP
LOAD c:/st/stm32cubeide_1.3.0/stm32cubeide/plugins/com.st.stm32cube.ide.mcu.externaltools.gnu-tools-for-stm32.7-2018-q2-update.win32_1.0.0.201904181610/tools/bin/../lib/gcc/arm-none-eabi/7.3.1/thumb/v7-m\libgcc.a
LOAD c:/st/stm32cubeide_1.3.0/stm32cubeide/plugins/com.st.stm32cube.ide.mcu.externaltools.gnu-tools-for-stm32.7-2018-q2-update.win32_1.0.0.201904181610/tools/bin/../lib/gcc/arm-none-eabi/7.3.1/../../../../arm-none-eabi/lib/thumb/v7-m\libc_nano.a
LOAD c:/st/stm32cubeide_1.3.0/stm32cubeide/plugins/com.st.stm32cube.ide.mcu.externaltools.gnu-tools-for-stm32.7-2018-q2-update.win32_1.0.0.201904181610/tools/bin/../lib/gcc/arm-none-eabi/7.3.1/../../../../arm-none-eabi/lib/thumb/v7-m\libnosys.a
END GROUP
LOAD c:/st/stm32cubeide_1.3.0/stm32cubeide/plugins/com.st.stm32cube.ide.mcu.externaltools.gnu-tools-for-stm32.7-2018-q2-update.win32_1.0.0.201904181610/tools/bin/../lib/gcc/arm-none-eabi/7.3.1/thumb/v7-m/crtend.o
LOAD c:/st/stm32cubeide_1.3.0/stm32cubeide/plugins/com.st.stm32cube.ide.mcu.externaltools.gnu-tools-for-stm32.7-2018-q2-update.win32_1.0.0.201904181610/tools/bin/../lib/gcc/arm-none-eabi/7.3.1/thumb/v7-m/crtn.o
                0x0000000020004000                _estack = (ORIGIN (RAM) + LENGTH (RAM))
                0x0000000000000200                _Min_Heap_Size = 0x200
                0x0000000000000400                _Min_Stack_Size = 0x400

.isr_vector     0x0000000008000000      0x13c
                0x0000000008000000                . = ALIGN (0x4)
 *(.isr_vector)
 .isr_vector    0x0000000008000000      0x13c Core/Startup/startup_stm32l100rctx.o
                0x0000000008000000                g_pfnVectors
                0x000000000800013c                . = ALIGN (0x4)

.text           0x000000000800013c     0x1fc4
                0x000000000800013c                . = ALIGN (0x4)
 *(.text)
 .text          0x000000000800013c       0x40 c:/st/stm32cubeide_1.3.0/stm32cubeide/plugins/com.st.stm32cube.ide.mcu.externaltools.gnu-tools-for-stm32.7-2018-q2-update.win32_1.0.0.201904181610/tools/bin/../lib/gcc/arm-none-eabi/7.3.1/thumb/v7-m/crtbegin.o
 *(.text*)
 .text.MX_DMA_Init
                0x000000000800017c       0x3c Core/Src/dma.o
                0x000000000800017c                MX_DMA_Init
 .text.MX_GPIO_Init
                0x00000000080001b8       0xd0 Core/Src/gpio.o
                0x00000000080001b8                MX_GPIO_Init
 .text.main     0x0000000008000288      0x190 Core/Src/main_4_m2m.o
                0x0000000008000288                main
 .text.SystemClock_Config
                0x0000000008000418       0x9c Core/Src/main_4_m2m.o
                0x0000000008000418                SystemClock_Config
 .text.Error_Handler
                0x00000000080004b4        0xc Core/Src/main_4_m2m.o
                0x00000000080004b4                Error_Handler
 .text.HAL_MspInit
                0x00000000080004c0       0x60 Core/Src/stm32l1xx_hal_msp.o
                0x00000000080004c0                HAL_MspInit
 .text.NMI_Handler
                0x0000000008000520        0xc Core/Src/stm32l1xx_it.o
                0x0000000008000520                NMI_Handler
 .text.HardFault_Handler
                0x000000000800052c        0x6 Core/Src/stm32l1xx_it.o
                0x000000000800052c                HardFault_Handler
 .text.MemManage_Handler
                0x0000000008000532        0x6 Core/Src/stm32l1xx_it.o
                0x0000000008000532                MemManage_Handler
 .text.BusFault_Handler
                0x0000000008000538        0x6 Core/Src/stm32l1xx_it.o
                0x0000000008000538                BusFault_Handler
 .text.UsageFault_Handler
                0x000000000800053e        0x6 Core/Src/stm32l1xx_it.o
                0x000000000800053e                UsageFault_Handler
 .text.SVC_Handler
                0x0000000008000544        0xc Core/Src/stm32l1xx_it.o
                0x0000000008000544                SVC_Handler
 .text.DebugMon_Handler
                0x0000000008000550        0xc Core/Src/stm32l1xx_it.o
                0x0000000008000550                DebugMon_Handler
 .text.PendSV_Handler
                0x000000000800055c        0xc Core/Src/stm32l1xx_it.o
                0x000000000800055c                PendSV_Handler
 .text.SysTick_Handler
                0x0000000008000568        0xc Core/Src/stm32l1xx_it.o
                0x0000000008000568                SysTick_Handler
 .text.DMA1_Channel6_IRQHandler
                0x0000000008000574       0x14 Core/Src/stm32l1xx_it.o
                0x0000000008000574                DMA1_Channel6_IRQHandler
 .text.USART2_IRQHandler
                0x0000000008000588       0x14 Core/Src/stm32l1xx_it.o
                0x0000000008000588                USART2_IRQHandler
 .text.SystemInit
                0x000000000800059c       0x68 Core/Src/system_stm32l1xx.o
                0x000000000800059c                SystemInit
 .text.Reset_Handler
                0x0000000008000604       0x48 Core/Startup/startup_stm32l100rctx.o
                0x0000000008000604                Reset_Handler
 .text.Default_Handler
                0x000000000800064c        0x2 Core/Startup/startup_stm32l100rctx.o
                0x000000000800064c                RTC_Alarm_IRQHandler
                0x000000000800064c                EXTI2_IRQHandler
                0x000000000800064c                COMP_ACQ_IRQHandler
                0x000000000800064c                TIM10_IRQHandler
                0x000000000800064c                USB_HP_IRQHandler
                0x000000000800064c                TIM6_IRQHandler
                0x000000000800064c                PVD_IRQHandler
                0x000000000800064c                EXTI3_IRQHandler
                0x000000000800064c                EXTI0_IRQHandler
                0x000000000800064c                I2C2_EV_IRQHandler
                0x000000000800064c                SPI1_IRQHandler
                0x000000000800064c                USB_FS_WKUP_IRQHandler
                0x000000000800064c                DMA2_Channel2_IRQHandler
                0x000000000800064c                DMA1_Channel4_IRQHandler
                0x000000000800064c                ADC1_IRQHandler
                0x000000000800064c                USART3_IRQHandler
                0x000000000800064c                DMA1_Channel7_IRQHandler
                0x000000000800064c                LCD_IRQHandler
                0x000000000800064c                TIM4_IRQHandler
                0x000000000800064c                DMA2_Channel1_IRQHandler
                0x000000000800064c                I2C1_EV_IRQHandler
                0x000000000800064c                DMA2_Channel4_IRQHandler
                0x000000000800064c                TIM3_IRQHandler
                0x000000000800064c                RCC_IRQHandler
                0x000000000800064c                DMA1_Channel1_IRQHandler
                0x000000000800064c                Default_Handler
                0x000000000800064c                EXTI15_10_IRQHandler
                0x000000000800064c                TIM7_IRQHandler
                0x000000000800064c                EXTI9_5_IRQHandler
                0x000000000800064c                TIM9_IRQHandler
                0x000000000800064c                TAMPER_STAMP_IRQHandler
                0x000000000800064c                RTC_WKUP_IRQHandler
                0x000000000800064c                SPI2_IRQHandler
                0x000000000800064c                DMA2_Channel5_IRQHandler
                0x000000000800064c                DMA1_Channel5_IRQHandler
                0x000000000800064c                USB_LP_IRQHandler
                0x000000000800064c                EXTI4_IRQHandler
                0x000000000800064c                DMA1_Channel3_IRQHandler
                0x000000000800064c                COMP_IRQHandler
                0x000000000800064c                WWDG_IRQHandler
                0x000000000800064c                TIM2_IRQHandler
                0x000000000800064c                DAC_IRQHandler
                0x000000000800064c                EXTI1_IRQHandler
                0x000000000800064c                TIM11_IRQHandler
                0x000000000800064c                I2C2_ER_IRQHandler
                0x000000000800064c                DMA1_Channel2_IRQHandler
                0x000000000800064c                FLASH_IRQHandler
                0x000000000800064c                USART1_IRQHandler
                0x000000000800064c                SPI3_IRQHandler
                0x000000000800064c                I2C1_ER_IRQHandler
                0x000000000800064c                DMA2_Channel3_IRQHandler
 .text.HAL_Init
                0x000000000800064e       0x30 Drivers/STM32L1xx_HAL_Driver/Src/stm32l1xx_hal.o
                0x000000000800064e                HAL_Init
 *fill*         0x000000000800067e        0x2 
 .text.HAL_InitTick
                0x0000000008000680       0x74 Drivers/STM32L1xx_HAL_Driver/Src/stm32l1xx_hal.o
                0x0000000008000680                HAL_InitTick
 .text.HAL_IncTick
                0x00000000080006f4       0x24 Drivers/STM32L1xx_HAL_Driver/Src/stm32l1xx_hal.o
                0x00000000080006f4                HAL_IncTick
 .text.HAL_GetTick
                0x0000000008000718       0x14 Drivers/STM32L1xx_HAL_Driver/Src/stm32l1xx_hal.o
                0x0000000008000718                HAL_GetTick
 .text.HAL_Delay
                0x000000000800072c       0x44 Drivers/STM32L1xx_HAL_Driver/Src/stm32l1xx_hal.o
                0x000000000800072c                HAL_Delay
 .text.__NVIC_SetPriorityGrouping
                0x0000000008000770       0x48 Drivers/STM32L1xx_HAL_Driver/Src/stm32l1xx_hal_cortex.o
 .text.__NVIC_GetPriorityGrouping
                0x00000000080007b8       0x1c Drivers/STM32L1xx_HAL_Driver/Src/stm32l1xx_hal_cortex.o
 .text.__NVIC_EnableIRQ
                0x00000000080007d4       0x38 Drivers/STM32L1xx_HAL_Driver/Src/stm32l1xx_hal_cortex.o
 .text.__NVIC_SetPriority
                0x000000000800080c       0x54 Drivers/STM32L1xx_HAL_Driver/Src/stm32l1xx_hal_cortex.o
 .text.NVIC_EncodePriority
                0x0000000008000860       0x64 Drivers/STM32L1xx_HAL_Driver/Src/stm32l1xx_hal_cortex.o
 .text.SysTick_Config
                0x00000000080008c4       0x44 Drivers/STM32L1xx_HAL_Driver/Src/stm32l1xx_hal_cortex.o
 .text.HAL_NVIC_SetPriorityGrouping
                0x0000000008000908       0x16 Drivers/STM32L1xx_HAL_Driver/Src/stm32l1xx_hal_cortex.o
                0x0000000008000908                HAL_NVIC_SetPriorityGrouping
 .text.HAL_NVIC_SetPriority
                0x000000000800091e       0x38 Drivers/STM32L1xx_HAL_Driver/Src/stm32l1xx_hal_cortex.o
                0x000000000800091e                HAL_NVIC_SetPriority
 .text.HAL_NVIC_EnableIRQ
                0x0000000008000956       0x1c Drivers/STM32L1xx_HAL_Driver/Src/stm32l1xx_hal_cortex.o
                0x0000000008000956                HAL_NVIC_EnableIRQ
 .text.HAL_SYSTICK_Config
                0x0000000008000972       0x18 Drivers/STM32L1xx_HAL_Driver/Src/stm32l1xx_hal_cortex.o
                0x0000000008000972                HAL_SYSTICK_Config
 *fill*         0x000000000800098a        0x2 
 .text.HAL_DMA_Init
                0x000000000800098c       0xe8 Drivers/STM32L1xx_HAL_Driver/Src/stm32l1xx_hal_dma.o
                0x000000000800098c                HAL_DMA_Init
 .text.HAL_DMA_Start
                0x0000000008000a74       0x86 Drivers/STM32L1xx_HAL_Driver/Src/stm32l1xx_hal_dma.o
                0x0000000008000a74                HAL_DMA_Start
 .text.HAL_DMA_Abort_IT
                0x0000000008000afa       0x82 Drivers/STM32L1xx_HAL_Driver/Src/stm32l1xx_hal_dma.o
                0x0000000008000afa                HAL_DMA_Abort_IT
 .text.HAL_DMA_PollForTransfer
                0x0000000008000b7c      0x14e Drivers/STM32L1xx_HAL_Driver/Src/stm32l1xx_hal_dma.o
                0x0000000008000b7c                HAL_DMA_PollForTransfer
 .text.HAL_DMA_IRQHandler
                0x0000000008000cca      0x15e Drivers/STM32L1xx_HAL_Driver/Src/stm32l1xx_hal_dma.o
                0x0000000008000cca                HAL_DMA_IRQHandler
 .text.DMA_SetConfig
                0x0000000008000e28       0x5e Drivers/STM32L1xx_HAL_Driver/Src/stm32l1xx_hal_dma.o
 *fill*         0x0000000008000e86        0x2 
 .text.HAL_GPIO_Init
                0x0000000008000e88      0x2ec Drivers/STM32L1xx_HAL_Driver/Src/stm32l1xx_hal_gpio.o
                0x0000000008000e88                HAL_GPIO_Init
 .text.HAL_GPIO_ReadPin
                0x0000000008001174       0x2e Drivers/STM32L1xx_HAL_Driver/Src/stm32l1xx_hal_gpio.o
                0x0000000008001174                HAL_GPIO_ReadPin
 .text.HAL_GPIO_WritePin
                0x00000000080011a2       0x30 Drivers/STM32L1xx_HAL_Driver/Src/stm32l1xx_hal_gpio.o
                0x00000000080011a2                HAL_GPIO_WritePin
 *fill*         0x00000000080011d2        0x2 
 .text.HAL_RCC_OscConfig
                0x00000000080011d4      0x660 Drivers/STM32L1xx_HAL_Driver/Src/stm32l1xx_hal_rcc.o
                0x00000000080011d4                HAL_RCC_OscConfig
 .text.HAL_RCC_ClockConfig
                0x0000000008001834      0x268 Drivers/STM32L1xx_HAL_Driver/Src/stm32l1xx_hal_rcc.o
                0x0000000008001834                HAL_RCC_ClockConfig
 .text.HAL_RCC_GetSysClockFreq
                0x0000000008001a9c       0xb0 Drivers/STM32L1xx_HAL_Driver/Src/stm32l1xx_hal_rcc.o
                0x0000000008001a9c                HAL_RCC_GetSysClockFreq
 .text.RCC_SetFlashLatencyFromMSIRange
                0x0000000008001b4c       0xc0 Drivers/STM32L1xx_HAL_Driver/Src/stm32l1xx_hal_rcc.o
 .text.HAL_UART_IRQHandler
                0x0000000008001c0c      0x1f8 Drivers/STM32L1xx_HAL_Driver/Src/stm32l1xx_hal_uart.o
                0x0000000008001c0c                HAL_UART_IRQHandler
 .text.HAL_UART_TxCpltCallback
                0x0000000008001e04       0x12 Drivers/STM32L1xx_HAL_Driver/Src/stm32l1xx_hal_uart.o
                0x0000000008001e04                HAL_UART_TxCpltCallback
 .text.HAL_UART_RxCpltCallback
                0x0000000008001e16       0x12 Drivers/STM32L1xx_HAL_Driver/Src/stm32l1xx_hal_uart.o
                0x0000000008001e16                HAL_UART_RxCpltCallback
 .text.HAL_UART_ErrorCallback
                0x0000000008001e28       0x12 Drivers/STM32L1xx_HAL_Driver/Src/stm32l1xx_hal_uart.o
                0x0000000008001e28                HAL_UART_ErrorCallback
 .text.UART_EndRxTransfer
                0x0000000008001e3a       0x3a Drivers/STM32L1xx_HAL_Driver/Src/stm32l1xx_hal_uart.o
 .text.UART_DMAAbortOnError
                0x0000000008001e74       0x28 Drivers/STM32L1xx_HAL_Driver/Src/stm32l1xx_hal_uart.o
 .text.UART_Transmit_IT
                0x0000000008001e9c       0xaa Drivers/STM32L1xx_HAL_Driver/Src/stm32l1xx_hal_uart.o
 .text.UART_EndTransmit_IT
                0x0000000008001f46       0x30 Drivers/STM32L1xx_HAL_Driver/Src/stm32l1xx_hal_uart.o
 .text.UART_Receive_IT
                0x0000000008001f76      0x102 Drivers/STM32L1xx_HAL_Driver/Src/stm32l1xx_hal_uart.o
 .text.__libc_init_array
                0x0000000008002078       0x48 c:/st/stm32cubeide_1.3.0/stm32cubeide/plugins/com.st.stm32cube.ide.mcu.externaltools.gnu-tools-for-stm32.7-2018-q2-update.win32_1.0.0.201904181610/tools/bin/../lib/gcc/arm-none-eabi/7.3.1/../../../../arm-none-eabi/lib/thumb/v7-m\libc_nano.a(lib_a-init.o)
                0x0000000008002078                __libc_init_array
 .text.memcpy   0x00000000080020c0       0x16 c:/st/stm32cubeide_1.3.0/stm32cubeide/plugins/com.st.stm32cube.ide.mcu.externaltools.gnu-tools-for-stm32.7-2018-q2-update.win32_1.0.0.201904181610/tools/bin/../lib/gcc/arm-none-eabi/7.3.1/../../../../arm-none-eabi/lib/thumb/v7-m\libc_nano.a(lib_a-memcpy-stub.o)
                0x00000000080020c0                memcpy
 .text.memset   0x00000000080020d6       0x10 c:/st/stm32cubeide_1.3.0/stm32cubeide/plugins/com.st.stm32cube.ide.mcu.externaltools.gnu-tools-for-stm32.7-2018-q2-update.win32_1.0.0.201904181610/tools/bin/../lib/gcc/arm-none-eabi/7.3.1/../../../../arm-none-eabi/lib/thumb/v7-m\libc_nano.a(lib_a-memset.o)
                0x00000000080020d6                memset
 *(.glue_7)
 .glue_7        0x00000000080020e6        0x0 linker stubs
 *(.glue_7t)
 .glue_7t       0x00000000080020e6        0x0 linker stubs
 *(.eh_frame)
 *fill*         0x00000000080020e6        0x2 
 .eh_frame      0x00000000080020e8        0x0 c:/st/stm32cubeide_1.3.0/stm32cubeide/plugins/com.st.stm32cube.ide.mcu.externaltools.gnu-tools-for-stm32.7-2018-q2-update.win32_1.0.0.201904181610/tools/bin/../lib/gcc/arm-none-eabi/7.3.1/thumb/v7-m/crtbegin.o
 *(.init)
 .init          0x00000000080020e8        0x4 c:/st/stm32cubeide_1.3.0/stm32cubeide/plugins/com.st.stm32cube.ide.mcu.externaltools.gnu-tools-for-stm32.7-2018-q2-update.win32_1.0.0.201904181610/tools/bin/../lib/gcc/arm-none-eabi/7.3.1/thumb/v7-m/crti.o
                0x00000000080020e8                _init
 .init          0x00000000080020ec        0x8 c:/st/stm32cubeide_1.3.0/stm32cubeide/plugins/com.st.stm32cube.ide.mcu.externaltools.gnu-tools-for-stm32.7-2018-q2-update.win32_1.0.0.201904181610/tools/bin/../lib/gcc/arm-none-eabi/7.3.1/thumb/v7-m/crtn.o
 *(.fini)
 .fini          0x00000000080020f4        0x4 c:/st/stm32cubeide_1.3.0/stm32cubeide/plugins/com.st.stm32cube.ide.mcu.externaltools.gnu-tools-for-stm32.7-2018-q2-update.win32_1.0.0.201904181610/tools/bin/../lib/gcc/arm-none-eabi/7.3.1/thumb/v7-m/crti.o
                0x00000000080020f4                _fini
 .fini          0x00000000080020f8        0x8 c:/st/stm32cubeide_1.3.0/stm32cubeide/plugins/com.st.stm32cube.ide.mcu.externaltools.gnu-tools-for-stm32.7-2018-q2-update.win32_1.0.0.201904181610/tools/bin/../lib/gcc/arm-none-eabi/7.3.1/thumb/v7-m/crtn.o
                0x0000000008002100                . = ALIGN (0x4)
                0x0000000008002100                _etext = .

.vfp11_veneer   0x0000000008002100        0x0
 .vfp11_veneer  0x0000000008002100        0x0 linker stubs

.v4_bx          0x0000000008002100        0x0
 .v4_bx         0x0000000008002100        0x0 linker stubs

.iplt           0x0000000008002100        0x0
 .iplt          0x0000000008002100        0x0 c:/st/stm32cubeide_1.3.0/stm32cubeide/plugins/com.st.stm32cube.ide.mcu.externaltools.gnu-tools-for-stm32.7-2018-q2-update.win32_1.0.0.201904181610/tools/bin/../lib/gcc/arm-none-eabi/7.3.1/thumb/v7-m/crtbegin.o

.rodata         0x0000000008002100      0x404
                0x0000000008002100                . = ALIGN (0x4)
 *(.rodata)
 *(.rodata*)
 .rodata.flashData
                0x0000000008002100      0x3e8 Core/Src/main_4_m2m.o
                0x0000000008002100                flashData
 .rodata.PLLMulTable
                0x00000000080024e8        0x9 Core/Src/system_stm32l1xx.o
                0x00000000080024e8                PLLMulTable
 *fill*         0x00000000080024f1        0x3 
 .rodata.AHBPrescTable
                0x00000000080024f4       0x10 Core/Src/system_stm32l1xx.o
                0x00000000080024f4                AHBPrescTable
                0x0000000008002504                . = ALIGN (0x4)

.rel.dyn        0x0000000008002504        0x0
 .rel.iplt      0x0000000008002504        0x0 c:/st/stm32cubeide_1.3.0/stm32cubeide/plugins/com.st.stm32cube.ide.mcu.externaltools.gnu-tools-for-stm32.7-2018-q2-update.win32_1.0.0.201904181610/tools/bin/../lib/gcc/arm-none-eabi/7.3.1/thumb/v7-m/crtbegin.o

.ARM.extab      0x0000000008002504        0x0
                0x0000000008002504                . = ALIGN (0x4)
 *(.ARM.extab* .gnu.linkonce.armextab.*)
                0x0000000008002504                . = ALIGN (0x4)

.ARM            0x0000000008002504        0x0
                0x0000000008002504                . = ALIGN (0x4)
                0x0000000008002504                __exidx_start = .
 *(.ARM.exidx*)
                0x0000000008002504                __exidx_end = .
                0x0000000008002504                . = ALIGN (0x4)

.preinit_array  0x0000000008002504        0x0
                0x0000000008002504                . = ALIGN (0x4)
                0x0000000008002504                PROVIDE (__preinit_array_start = .)
 *(.preinit_array*)
                0x0000000008002504                PROVIDE (__preinit_array_end = .)
                0x0000000008002504                . = ALIGN (0x4)

.init_array     0x0000000008002504        0x4
                0x0000000008002504                . = ALIGN (0x4)
                0x0000000008002504                PROVIDE (__init_array_start = .)
 *(SORT_BY_NAME(.init_array.*))
 *(.init_array*)
 .init_array    0x0000000008002504        0x4 c:/st/stm32cubeide_1.3.0/stm32cubeide/plugins/com.st.stm32cube.ide.mcu.externaltools.gnu-tools-for-stm32.7-2018-q2-update.win32_1.0.0.201904181610/tools/bin/../lib/gcc/arm-none-eabi/7.3.1/thumb/v7-m/crtbegin.o
                0x0000000008002508                PROVIDE (__init_array_end = .)
                0x0000000008002508                . = ALIGN (0x4)

.fini_array     0x0000000008002508        0x4
                0x0000000008002508                . = ALIGN (0x4)
                [!provide]                        PROVIDE (__fini_array_start = .)
 *(SORT_BY_NAME(.fini_array.*))
 *(.fini_array*)
 .fini_array    0x0000000008002508        0x4 c:/st/stm32cubeide_1.3.0/stm32cubeide/plugins/com.st.stm32cube.ide.mcu.externaltools.gnu-tools-for-stm32.7-2018-q2-update.win32_1.0.0.201904181610/tools/bin/../lib/gcc/arm-none-eabi/7.3.1/thumb/v7-m/crtbegin.o
                [!provide]                        PROVIDE (__fini_array_end = .)
                0x000000000800250c                . = ALIGN (0x4)
                0x000000000800250c                _sidata = LOADADDR (.data)

.data           0x0000000020000000        0xc load address 0x000000000800250c
                0x0000000020000000                . = ALIGN (0x4)
                0x0000000020000000                _sdata = .
 *(.data)
 *(.data*)
 .data.SystemCoreClock
                0x0000000020000000        0x4 Core/Src/system_stm32l1xx.o
                0x0000000020000000                SystemCoreClock
 .data.uwTickPrio
                0x0000000020000004        0x4 Drivers/STM32L1xx_HAL_Driver/Src/stm32l1xx_hal.o
                0x0000000020000004                uwTickPrio
 .data.uwTickFreq
                0x0000000020000008        0x4 Drivers/STM32L1xx_HAL_Driver/Src/stm32l1xx_hal.o
                0x0000000020000008                uwTickFreq
                0x000000002000000c                . = ALIGN (0x4)
                0x000000002000000c                _edata = .

.igot.plt       0x000000002000000c        0x0 load address 0x0000000008002518
 .igot.plt      0x000000002000000c        0x0 c:/st/stm32cubeide_1.3.0/stm32cubeide/plugins/com.st.stm32cube.ide.mcu.externaltools.gnu-tools-for-stm32.7-2018-q2-update.win32_1.0.0.201904181610/tools/bin/../lib/gcc/arm-none-eabi/7.3.1/thumb/v7-m/crtbegin.o
                0x000000002000000c                . = ALIGN (0x4)

.bss            0x000000002000000c      0x8b8 load address 0x0000000008002518
                0x000000002000000c                _sbss = .
                0x000000002000000c                __bss_start__ = _sbss
 *(.bss)
 .bss           0x000000002000000c       0x1c c:/st/stm32cubeide_1.3.0/stm32cubeide/plugins/com.st.stm32cube.ide.mcu.externaltools.gnu-tools-for-stm32.7-2018-q2-update.win32_1.0.0.201904181610/tools/bin/../lib/gcc/arm-none-eabi/7.3.1/thumb/v7-m/crtbegin.o
 *(.bss*)
 *(COMMON)
 COMMON         0x0000000020000028      0x814 Core/Src/main_4_m2m.o
                0x0000000020000028                hdma_memtomem_dma1_channel5
                0x000000002000006c                sramData
 COMMON         0x000000002000083c       0x84 Core/Src/usart.o
                0x000000002000083c                hdma_usart2_rx
                0x0000000020000880                huart2
 COMMON         0x00000000200008c0        0x4 Drivers/STM32L1xx_HAL_Driver/Src/stm32l1xx_hal.o
                0x00000000200008c0                uwTick
                0x00000000200008c4                . = ALIGN (0x4)
                0x00000000200008c4                _ebss = .
                0x00000000200008c4                __bss_end__ = _ebss

._user_heap_stack
                0x00000000200008c4      0x604 load address 0x0000000008002518
                0x00000000200008c8                . = ALIGN (0x8)
 *fill*         0x00000000200008c4        0x4 
                0x00000000200008c8                PROVIDE (end = .)
                [!provide]                        PROVIDE (_end = .)
                0x0000000020000ac8                . = (. + _Min_Heap_Size)
 *fill*         0x00000000200008c8      0x200 
                0x0000000020000ec8                . = (. + _Min_Stack_Size)
 *fill*         0x0000000020000ac8      0x400 
                0x0000000020000ec8                . = ALIGN (0x8)

/DISCARD/
 libc.a(*)
 libm.a(*)
 libgcc.a(*)

.ARM.attributes
                0x0000000000000000       0x29
 *(.ARM.attributes)
 .ARM.attributes
                0x0000000000000000       0x1d c:/st/stm32cubeide_1.3.0/stm32cubeide/plugins/com.st.stm32cube.ide.mcu.externaltools.gnu-tools-for-stm32.7-2018-q2-update.win32_1.0.0.201904181610/tools/bin/../lib/gcc/arm-none-eabi/7.3.1/thumb/v7-m/crti.o
 .ARM.attributes
                0x000000000000001d       0x2d c:/st/stm32cubeide_1.3.0/stm32cubeide/plugins/com.st.stm32cube.ide.mcu.externaltools.gnu-tools-for-stm32.7-2018-q2-update.win32_1.0.0.201904181610/tools/bin/../lib/gcc/arm-none-eabi/7.3.1/thumb/v7-m/crtbegin.o
 .ARM.attributes
                0x000000000000004a       0x33 Core/Src/dma.o
 .ARM.attributes
                0x000000000000007d       0x33 Core/Src/gpio.o
 .ARM.attributes
                0x00000000000000b0       0x33 Core/Src/main_4_m2m.o
 .ARM.attributes
                0x00000000000000e3       0x33 Core/Src/stm32l1xx_hal_msp.o
 .ARM.attributes
                0x0000000000000116       0x33 Core/Src/stm32l1xx_it.o
 .ARM.attributes
                0x0000000000000149       0x33 Core/Src/system_stm32l1xx.o
 .ARM.attributes
                0x000000000000017c       0x33 Core/Src/usart.o
 .ARM.attributes
                0x00000000000001af       0x21 Core/Startup/startup_stm32l100rctx.o
 .ARM.attributes
                0x00000000000001d0       0x33 Drivers/STM32L1xx_HAL_Driver/Src/stm32l1xx_hal.o
 .ARM.attributes
                0x0000000000000203       0x33 Drivers/STM32L1xx_HAL_Driver/Src/stm32l1xx_hal_cortex.o
 .ARM.attributes
                0x0000000000000236       0x33 Drivers/STM32L1xx_HAL_Driver/Src/stm32l1xx_hal_dma.o
 .ARM.attributes
                0x0000000000000269       0x33 Drivers/STM32L1xx_HAL_Driver/Src/stm32l1xx_hal_gpio.o
 .ARM.attributes
                0x000000000000029c       0x33 Drivers/STM32L1xx_HAL_Driver/Src/stm32l1xx_hal_rcc.o
 .ARM.attributes
                0x00000000000002cf       0x33 Drivers/STM32L1xx_HAL_Driver/Src/stm32l1xx_hal_uart.o
 .ARM.attributes
                0x0000000000000302       0x2d c:/st/stm32cubeide_1.3.0/stm32cubeide/plugins/com.st.stm32cube.ide.mcu.externaltools.gnu-tools-for-stm32.7-2018-q2-update.win32_1.0.0.201904181610/tools/bin/../lib/gcc/arm-none-eabi/7.3.1/../../../../arm-none-eabi/lib/thumb/v7-m\libc_nano.a(lib_a-init.o)
 .ARM.attributes
                0x000000000000032f       0x2d c:/st/stm32cubeide_1.3.0/stm32cubeide/plugins/com.st.stm32cube.ide.mcu.externaltools.gnu-tools-for-stm32.7-2018-q2-update.win32_1.0.0.201904181610/tools/bin/../lib/gcc/arm-none-eabi/7.3.1/../../../../arm-none-eabi/lib/thumb/v7-m\libc_nano.a(lib_a-memcpy-stub.o)
 .ARM.attributes
                0x000000000000035c       0x2d c:/st/stm32cubeide_1.3.0/stm32cubeide/plugins/com.st.stm32cube.ide.mcu.externaltools.gnu-tools-for-stm32.7-2018-q2-update.win32_1.0.0.201904181610/tools/bin/../lib/gcc/arm-none-eabi/7.3.1/../../../../arm-none-eabi/lib/thumb/v7-m\libc_nano.a(lib_a-memset.o)
 .ARM.attributes
                0x0000000000000389       0x1d c:/st/stm32cubeide_1.3.0/stm32cubeide/plugins/com.st.stm32cube.ide.mcu.externaltools.gnu-tools-for-stm32.7-2018-q2-update.win32_1.0.0.201904181610/tools/bin/../lib/gcc/arm-none-eabi/7.3.1/thumb/v7-m/crtn.o
OUTPUT(L100CDISCO.elf elf32-littlearm)

.debug_info     0x0000000000000000     0x6d62
 .debug_info    0x0000000000000000      0x3d4 Core/Src/dma.o
 .debug_info    0x00000000000003d4      0x3e7 Core/Src/gpio.o
 .debug_info    0x00000000000007bb     0x10d5 Core/Src/main_4_m2m.o
 .debug_info    0x0000000000001890      0x290 Core/Src/stm32l1xx_hal_msp.o
 .debug_info    0x0000000000001b20      0x64d Core/Src/stm32l1xx_it.o
 .debug_info    0x000000000000216d      0x473 Core/Src/system_stm32l1xx.o
 .debug_info    0x00000000000025e0      0x9b0 Core/Src/usart.o
 .debug_info    0x0000000000002f90       0x22 Core/Startup/startup_stm32l100rctx.o
 .debug_info    0x0000000000002fb2      0x70a Drivers/STM32L1xx_HAL_Driver/Src/stm32l1xx_hal.o
 .debug_info    0x00000000000036bc      0xd72 Drivers/STM32L1xx_HAL_Driver/Src/stm32l1xx_hal_cortex.o
 .debug_info    0x000000000000442e      0x796 Drivers/STM32L1xx_HAL_Driver/Src/stm32l1xx_hal_dma.o
 .debug_info    0x0000000000004bc4      0x69d Drivers/STM32L1xx_HAL_Driver/Src/stm32l1xx_hal_gpio.o
 .debug_info    0x0000000000005261      0x91f Drivers/STM32L1xx_HAL_Driver/Src/stm32l1xx_hal_rcc.o
 .debug_info    0x0000000000005b80     0x11e2 Drivers/STM32L1xx_HAL_Driver/Src/stm32l1xx_hal_uart.o

.debug_abbrev   0x0000000000000000     0x170e
 .debug_abbrev  0x0000000000000000      0x107 Core/Src/dma.o
 .debug_abbrev  0x0000000000000107      0x134 Core/Src/gpio.o
 .debug_abbrev  0x000000000000023b      0x22f Core/Src/main_4_m2m.o
 .debug_abbrev  0x000000000000046a       0xef Core/Src/stm32l1xx_hal_msp.o
 .debug_abbrev  0x0000000000000559      0x158 Core/Src/stm32l1xx_it.o
 .debug_abbrev  0x00000000000006b1      0x111 Core/Src/system_stm32l1xx.o
 .debug_abbrev  0x00000000000007c2      0x1b3 Core/Src/usart.o
 .debug_abbrev  0x0000000000000975       0x12 Core/Startup/startup_stm32l100rctx.o
 .debug_abbrev  0x0000000000000987      0x21b Drivers/STM32L1xx_HAL_Driver/Src/stm32l1xx_hal.o
 .debug_abbrev  0x0000000000000ba2      0x2fa Drivers/STM32L1xx_HAL_Driver/Src/stm32l1xx_hal_cortex.o
 .debug_abbrev  0x0000000000000e9c      0x204 Drivers/STM32L1xx_HAL_Driver/Src/stm32l1xx_hal_dma.o
 .debug_abbrev  0x00000000000010a0      0x1c9 Drivers/STM32L1xx_HAL_Driver/Src/stm32l1xx_hal_gpio.o
 .debug_abbrev  0x0000000000001269      0x254 Drivers/STM32L1xx_HAL_Driver/Src/stm32l1xx_hal_rcc.o
 .debug_abbrev  0x00000000000014bd      0x251 Drivers/STM32L1xx_HAL_Driver/Src/stm32l1xx_hal_uart.o

.debug_aranges  0x0000000000000000      0x6b8
 .debug_aranges
                0x0000000000000000       0x20 Core/Src/dma.o
 .debug_aranges
                0x0000000000000020       0x20 Core/Src/gpio.o
 .debug_aranges
                0x0000000000000040       0x38 Core/Src/main_4_m2m.o
 .debug_aranges
                0x0000000000000078       0x20 Core/Src/stm32l1xx_hal_msp.o
 .debug_aranges
                0x0000000000000098       0x70 Core/Src/stm32l1xx_it.o
 .debug_aranges
                0x0000000000000108       0x28 Core/Src/system_stm32l1xx.o
 .debug_aranges
                0x0000000000000130       0x30 Core/Src/usart.o
 .debug_aranges
                0x0000000000000160       0x28 Core/Startup/startup_stm32l100rctx.o
 .debug_aranges
                0x0000000000000188       0xe0 Drivers/STM32L1xx_HAL_Driver/Src/stm32l1xx_hal.o
 .debug_aranges
                0x0000000000000268      0x118 Drivers/STM32L1xx_HAL_Driver/Src/stm32l1xx_hal_cortex.o
 .debug_aranges
                0x0000000000000380       0x80 Drivers/STM32L1xx_HAL_Driver/Src/stm32l1xx_hal_dma.o
 .debug_aranges
                0x0000000000000400       0x58 Drivers/STM32L1xx_HAL_Driver/Src/stm32l1xx_hal_gpio.o
 .debug_aranges
                0x0000000000000458       0x90 Drivers/STM32L1xx_HAL_Driver/Src/stm32l1xx_hal_rcc.o
 .debug_aranges
                0x00000000000004e8      0x1d0 Drivers/STM32L1xx_HAL_Driver/Src/stm32l1xx_hal_uart.o

.debug_ranges   0x0000000000000000      0x5e0
 .debug_ranges  0x0000000000000000       0x10 Core/Src/dma.o
 .debug_ranges  0x0000000000000010       0x10 Core/Src/gpio.o
 .debug_ranges  0x0000000000000020       0x28 Core/Src/main_4_m2m.o
 .debug_ranges  0x0000000000000048       0x10 Core/Src/stm32l1xx_hal_msp.o
 .debug_ranges  0x0000000000000058       0x60 Core/Src/stm32l1xx_it.o
 .debug_ranges  0x00000000000000b8       0x18 Core/Src/system_stm32l1xx.o
 .debug_ranges  0x00000000000000d0       0x20 Core/Src/usart.o
 .debug_ranges  0x00000000000000f0       0x20 Core/Startup/startup_stm32l100rctx.o
 .debug_ranges  0x0000000000000110       0xd0 Drivers/STM32L1xx_HAL_Driver/Src/stm32l1xx_hal.o
 .debug_ranges  0x00000000000001e0      0x108 Drivers/STM32L1xx_HAL_Driver/Src/stm32l1xx_hal_cortex.o
 .debug_ranges  0x00000000000002e8       0x70 Drivers/STM32L1xx_HAL_Driver/Src/stm32l1xx_hal_dma.o
 .debug_ranges  0x0000000000000358       0x48 Drivers/STM32L1xx_HAL_Driver/Src/stm32l1xx_hal_gpio.o
 .debug_ranges  0x00000000000003a0       0x80 Drivers/STM32L1xx_HAL_Driver/Src/stm32l1xx_hal_rcc.o
 .debug_ranges  0x0000000000000420      0x1c0 Drivers/STM32L1xx_HAL_Driver/Src/stm32l1xx_hal_uart.o

.debug_macro    0x0000000000000000    0x1517d
 .debug_macro   0x0000000000000000      0x1a4 Core/Src/dma.o
 .debug_macro   0x00000000000001a4      0xa5a Core/Src/dma.o
 .debug_macro   0x0000000000000bfe      0x106 Core/Src/dma.o
 .debug_macro   0x0000000000000d04       0x2e Core/Src/dma.o
 .debug_macro   0x0000000000000d32       0x22 Core/Src/dma.o
 .debug_macro   0x0000000000000d54       0x22 Core/Src/dma.o
 .debug_macro   0x0000000000000d76       0x8e Core/Src/dma.o
 .debug_macro   0x0000000000000e04       0x51 Core/Src/dma.o
 .debug_macro   0x0000000000000e55       0xef Core/Src/dma.o
 .debug_macro   0x0000000000000f44       0x6a Core/Src/dma.o
 .debug_macro   0x0000000000000fae      0x1df Core/Src/dma.o
 .debug_macro   0x000000000000118d       0x1c Core/Src/dma.o
 .debug_macro   0x00000000000011a9       0x22 Core/Src/dma.o
 .debug_macro   0x00000000000011cb       0xc3 Core/Src/dma.o
 .debug_macro   0x000000000000128e      0xe49 Core/Src/dma.o
 .debug_macro   0x00000000000020d7      0x11f Core/Src/dma.o
 .debug_macro   0x00000000000021f6     0xb5e1 Core/Src/dma.o
 .debug_macro   0x000000000000d7d7       0x43 Core/Src/dma.o
 .debug_macro   0x000000000000d81a     0x3468 Core/Src/dma.o
 .debug_macro   0x0000000000010c82      0x174 Core/Src/dma.o
 .debug_macro   0x0000000000010df6       0x5b Core/Src/dma.o
 .debug_macro   0x0000000000010e51      0xe38 Core/Src/dma.o
 .debug_macro   0x0000000000011c89      0x171 Core/Src/dma.o
 .debug_macro   0x0000000000011dfa      0x13b Core/Src/dma.o
 .debug_macro   0x0000000000011f35       0xb3 Core/Src/dma.o
 .debug_macro   0x0000000000011fe8      0x21e Core/Src/dma.o
 .debug_macro   0x0000000000012206      0x236 Core/Src/dma.o
 .debug_macro   0x000000000001243c      0x115 Core/Src/dma.o
 .debug_macro   0x0000000000012551      0x368 Core/Src/dma.o
 .debug_macro   0x00000000000128b9      0x1e9 Core/Src/dma.o
 .debug_macro   0x0000000000012aa2       0x1c Core/Src/dma.o
 .debug_macro   0x0000000000012abe      0x287 Core/Src/dma.o
 .debug_macro   0x0000000000012d45      0x3e3 Core/Src/dma.o
 .debug_macro   0x0000000000013128      0x1a4 Core/Src/gpio.o
 .debug_macro   0x00000000000132cc      0x37c Core/Src/main_4_m2m.o
 .debug_macro   0x0000000000013648       0x46 Core/Src/main_4_m2m.o
 .debug_macro   0x000000000001368e       0x18 Core/Src/main_4_m2m.o
 .debug_macro   0x00000000000136a6       0x3c Core/Src/main_4_m2m.o
 .debug_macro   0x00000000000136e2       0x34 Core/Src/main_4_m2m.o
 .debug_macro   0x0000000000013716       0x52 Core/Src/main_4_m2m.o
 .debug_macro   0x0000000000013768       0x1f Core/Src/main_4_m2m.o
 .debug_macro   0x0000000000013787       0x43 Core/Src/main_4_m2m.o
 .debug_macro   0x00000000000137ca       0x20 Core/Src/main_4_m2m.o
 .debug_macro   0x00000000000137ea      0x1a3 Core/Src/main_4_m2m.o
 .debug_macro   0x000000000001398d      0x32a Core/Src/main_4_m2m.o
 .debug_macro   0x0000000000013cb7       0x10 Core/Src/main_4_m2m.o
 .debug_macro   0x0000000000013cc7       0x35 Core/Src/main_4_m2m.o
 .debug_macro   0x0000000000013cfc       0x20 Core/Src/main_4_m2m.o
 .debug_macro   0x0000000000013d1c       0x16 Core/Src/main_4_m2m.o
 .debug_macro   0x0000000000013d32       0x16 Core/Src/main_4_m2m.o
 .debug_macro   0x0000000000013d48       0x29 Core/Src/main_4_m2m.o
 .debug_macro   0x0000000000013d71       0x1c Core/Src/main_4_m2m.o
 .debug_macro   0x0000000000013d8d       0x10 Core/Src/main_4_m2m.o
 .debug_macro   0x0000000000013d9d       0x10 Core/Src/main_4_m2m.o
 .debug_macro   0x0000000000013dad       0x1c Core/Src/main_4_m2m.o
 .debug_macro   0x0000000000013dc9       0x52 Core/Src/main_4_m2m.o
 .debug_macro   0x0000000000013e1b       0x40 Core/Src/main_4_m2m.o
 .debug_macro   0x0000000000013e5b       0x10 Core/Src/main_4_m2m.o
 .debug_macro   0x0000000000013e6b       0x40 Core/Src/main_4_m2m.o
 .debug_macro   0x0000000000013eab       0xd7 Core/Src/main_4_m2m.o
 .debug_macro   0x0000000000013f82       0x1c Core/Src/main_4_m2m.o
 .debug_macro   0x0000000000013f9e       0x3d Core/Src/main_4_m2m.o
 .debug_macro   0x0000000000013fdb       0x16 Core/Src/main_4_m2m.o
 .debug_macro   0x0000000000013ff1      0x145 Core/Src/main_4_m2m.o
 .debug_macro   0x0000000000014136      0x19a Core/Src/stm32l1xx_hal_msp.o
 .debug_macro   0x00000000000142d0      0x1a4 Core/Src/stm32l1xx_it.o
 .debug_macro   0x0000000000014474      0x196 Core/Src/system_stm32l1xx.o
 .debug_macro   0x000000000001460a      0x1a4 Core/Src/usart.o
 .debug_macro   0x00000000000147ae      0x1b4 Drivers/STM32L1xx_HAL_Driver/Src/stm32l1xx_hal.o
 .debug_macro   0x0000000000014962      0x190 Drivers/STM32L1xx_HAL_Driver/Src/stm32l1xx_hal_cortex.o
 .debug_macro   0x0000000000014af2      0x190 Drivers/STM32L1xx_HAL_Driver/Src/stm32l1xx_hal_dma.o
 .debug_macro   0x0000000000014c82      0x1c8 Drivers/STM32L1xx_HAL_Driver/Src/stm32l1xx_hal_gpio.o
 .debug_macro   0x0000000000014e4a      0x1a2 Drivers/STM32L1xx_HAL_Driver/Src/stm32l1xx_hal_rcc.o
 .debug_macro   0x0000000000014fec      0x191 Drivers/STM32L1xx_HAL_Driver/Src/stm32l1xx_hal_uart.o

.debug_line     0x0000000000000000     0x6be2
 .debug_line    0x0000000000000000      0x659 Core/Src/dma.o
 .debug_line    0x0000000000000659      0x667 Core/Src/gpio.o
 .debug_line    0x0000000000000cc0      0x935 Core/Src/main_4_m2m.o
 .debug_line    0x00000000000015f5      0x660 Core/Src/stm32l1xx_hal_msp.o
 .debug_line    0x0000000000001c55      0x726 Core/Src/stm32l1xx_it.o
 .debug_line    0x000000000000237b      0x685 Core/Src/system_stm32l1xx.o
 .debug_line    0x0000000000002a00      0x6a1 Core/Src/usart.o
 .debug_line    0x00000000000030a1       0x84 Core/Startup/startup_stm32l100rctx.o
 .debug_line    0x0000000000003125      0x83a Drivers/STM32L1xx_HAL_Driver/Src/stm32l1xx_hal.o
 .debug_line    0x000000000000395f      0x985 Drivers/STM32L1xx_HAL_Driver/Src/stm32l1xx_hal_cortex.o
 .debug_line    0x00000000000042e4      0x86d Drivers/STM32L1xx_HAL_Driver/Src/stm32l1xx_hal_dma.o
 .debug_line    0x0000000000004b51      0x7dc Drivers/STM32L1xx_HAL_Driver/Src/stm32l1xx_hal_gpio.o
 .debug_line    0x000000000000532d      0x963 Drivers/STM32L1xx_HAL_Driver/Src/stm32l1xx_hal_rcc.o
 .debug_line    0x0000000000005c90      0xf52 Drivers/STM32L1xx_HAL_Driver/Src/stm32l1xx_hal_uart.o

.debug_str      0x0000000000000000    0x806ff
 .debug_str     0x0000000000000000    0x7a9f4 Core/Src/dma.o
                                      0x7ac75 (size before relaxing)
 .debug_str     0x000000000007a9f4       0xb9 Core/Src/gpio.o
                                      0x7a9d8 (size before relaxing)
 .debug_str     0x000000000007aaad     0x4741 Core/Src/main_4_m2m.o
                                      0x7f0ee (size before relaxing)
 .debug_str     0x000000000007f1ee       0x2c Core/Src/stm32l1xx_hal_msp.o
                                      0x7a93d (size before relaxing)
 .debug_str     0x000000000007f21a       0xe8 Core/Src/stm32l1xx_it.o
                                      0x7ad3e (size before relaxing)
 .debug_str     0x000000000007f302       0xd5 Core/Src/system_stm32l1xx.o
                                      0x7a9d5 (size before relaxing)
 .debug_str     0x000000000007f3d7       0x57 Core/Src/usart.o
                                      0x7b0ef (size before relaxing)
 .debug_str     0x000000000007f42e       0x36 Core/Startup/startup_stm32l100rctx.o
                                         0x57 (size before relaxing)
 .debug_str     0x000000000007f464      0x2e8 Drivers/STM32L1xx_HAL_Driver/Src/stm32l1xx_hal.o
                                      0x7b027 (size before relaxing)
 .debug_str     0x000000000007f74c      0x3c1 Drivers/STM32L1xx_HAL_Driver/Src/stm32l1xx_hal_cortex.o
                                      0x7b166 (size before relaxing)
 .debug_str     0x000000000007fb0d      0x22b Drivers/STM32L1xx_HAL_Driver/Src/stm32l1xx_hal_dma.o
                                      0x7ad24 (size before relaxing)
 .debug_str     0x000000000007fd38      0x20f Drivers/STM32L1xx_HAL_Driver/Src/stm32l1xx_hal_gpio.o
                                      0x7abf9 (size before relaxing)
 .debug_str     0x000000000007ff47      0x290 Drivers/STM32L1xx_HAL_Driver/Src/stm32l1xx_hal_rcc.o
                                      0x7adcb (size before relaxing)
 .debug_str     0x00000000000801d7      0x528 Drivers/STM32L1xx_HAL_Driver/Src/stm32l1xx_hal_uart.o
                                      0x7b21e (size before relaxing)

.comment        0x0000000000000000       0x7b
 .comment       0x0000000000000000       0x7b Core/Src/dma.o
                                         0x7c (size before relaxing)
 .comment       0x000000000000007b       0x7c Core/Src/gpio.o
 .comment       0x000000000000007b       0x7c Core/Src/main_4_m2m.o
 .comment       0x000000000000007b       0x7c Core/Src/stm32l1xx_hal_msp.o
 .comment       0x000000000000007b       0x7c Core/Src/stm32l1xx_it.o
 .comment       0x000000000000007b       0x7c Core/Src/system_stm32l1xx.o
 .comment       0x000000000000007b       0x7c Core/Src/usart.o
 .comment       0x000000000000007b       0x7c Drivers/STM32L1xx_HAL_Driver/Src/stm32l1xx_hal.o
 .comment       0x000000000000007b       0x7c Drivers/STM32L1xx_HAL_Driver/Src/stm32l1xx_hal_cortex.o
 .comment       0x000000000000007b       0x7c Drivers/STM32L1xx_HAL_Driver/Src/stm32l1xx_hal_dma.o
 .comment       0x000000000000007b       0x7c Drivers/STM32L1xx_HAL_Driver/Src/stm32l1xx_hal_gpio.o
 .comment       0x000000000000007b       0x7c Drivers/STM32L1xx_HAL_Driver/Src/stm32l1xx_hal_rcc.o
 .comment       0x000000000000007b       0x7c Drivers/STM32L1xx_HAL_Driver/Src/stm32l1xx_hal_uart.o

.debug_frame    0x0000000000000000     0x1928
 .debug_frame   0x0000000000000000       0x34 Core/Src/dma.o
 .debug_frame   0x0000000000000034       0x34 Core/Src/gpio.o
 .debug_frame   0x0000000000000068       0x90 Core/Src/main_4_m2m.o
 .debug_frame   0x00000000000000f8       0x34 Core/Src/stm32l1xx_hal_msp.o
 .debug_frame   0x000000000000012c      0x144 Core/Src/stm32l1xx_it.o
 .debug_frame   0x0000000000000270       0x58 Core/Src/system_stm32l1xx.o
 .debug_frame   0x00000000000002c8       0x74 Core/Src/usart.o
 .debug_frame   0x000000000000033c      0x33c Drivers/STM32L1xx_HAL_Driver/Src/stm32l1xx_hal.o
 .debug_frame   0x0000000000000678      0x498 Drivers/STM32L1xx_HAL_Driver/Src/stm32l1xx_hal_cortex.o
 .debug_frame   0x0000000000000b10      0x204 Drivers/STM32L1xx_HAL_Driver/Src/stm32l1xx_hal_dma.o
 .debug_frame   0x0000000000000d14      0x14c Drivers/STM32L1xx_HAL_Driver/Src/stm32l1xx_hal_gpio.o
 .debug_frame   0x0000000000000e60      0x21c Drivers/STM32L1xx_HAL_Driver/Src/stm32l1xx_hal_rcc.o
 .debug_frame   0x000000000000107c      0x838 Drivers/STM32L1xx_HAL_Driver/Src/stm32l1xx_hal_uart.o
 .debug_frame   0x00000000000018b4       0x2c c:/st/stm32cubeide_1.3.0/stm32cubeide/plugins/com.st.stm32cube.ide.mcu.externaltools.gnu-tools-for-stm32.7-2018-q2-update.win32_1.0.0.201904181610/tools/bin/../lib/gcc/arm-none-eabi/7.3.1/../../../../arm-none-eabi/lib/thumb/v7-m\libc_nano.a(lib_a-init.o)
 .debug_frame   0x00000000000018e0       0x28 c:/st/stm32cubeide_1.3.0/stm32cubeide/plugins/com.st.stm32cube.ide.mcu.externaltools.gnu-tools-for-stm32.7-2018-q2-update.win32_1.0.0.201904181610/tools/bin/../lib/gcc/arm-none-eabi/7.3.1/../../../../arm-none-eabi/lib/thumb/v7-m\libc_nano.a(lib_a-memcpy-stub.o)
 .debug_frame   0x0000000000001908       0x20 c:/st/stm32cubeide_1.3.0/stm32cubeide/plugins/com.st.stm32cube.ide.mcu.externaltools.gnu-tools-for-stm32.7-2018-q2-update.win32_1.0.0.201904181610/tools/bin/../lib/gcc/arm-none-eabi/7.3.1/../../../../arm-none-eabi/lib/thumb/v7-m\libc_nano.a(lib_a-memset.o)
